Component: ARM Compiler 5.06 update 6 (build 750) Tool: armlink [4d35ed]

==============================================================================

Section Cross References

    main.o(i.main) refers to board.o(i.board_init) for board_init
    main.o(i.main) refers to bl_uart.o(i.bl_uart_init) for bl_uart_init
    main.o(i.main) refers to printf8.o(i.__0printf$8) for __2printf
    main.o(i.main) refers to bootloader.o(i.bootloader_main) for bootloader_main
    board.o(i.board_deinit) refers to board.o(i.board_lowlevel_deinit) for board_lowlevel_deinit
    board.o(i.board_init) refers to board.o(i.board_lowlevel_init) for board_lowlevel_init
    board.o(i.board_lowlevel_deinit) refers to misc.o(i.NVIC_PriorityGroupConfig) for NVIC_PriorityGroupConfig
    board.o(i.board_lowlevel_deinit) refers to stm32f4xx_rcc.o(i.RCC_AHB1PeriphClockCmd) for RCC_AHB1PeriphClockCmd
    board.o(i.board_lowlevel_deinit) refers to stm32f4xx_rcc.o(i.RCC_APB1PeriphClockCmd) for RCC_APB1PeriphClockCmd
    board.o(i.board_lowlevel_deinit) refers to stm32f4xx_rcc.o(i.RCC_APB2PeriphClockCmd) for RCC_APB2PeriphClockCmd
    board.o(i.board_lowlevel_init) refers to misc.o(i.NVIC_PriorityGroupConfig) for NVIC_PriorityGroupConfig
    board.o(i.board_lowlevel_init) refers to stm32f4xx_rcc.o(i.RCC_AHB1PeriphClockCmd) for RCC_AHB1PeriphClockCmd
    board.o(i.board_lowlevel_init) refers to stm32f4xx_rcc.o(i.RCC_APB1PeriphClockCmd) for RCC_APB1PeriphClockCmd
    board.o(i.board_lowlevel_init) refers to stm32f4xx_rcc.o(i.RCC_APB2PeriphClockCmd) for RCC_APB2PeriphClockCmd
    board.o(i.fputc) refers to stm32f4xx_usart.o(i.USART_GetFlagStatus) for USART_GetFlagStatus
    board.o(i.fputc) refers to stm32f4xx_usart.o(i.USART_SendData) for USART_SendData
    bootloader.o(i.bl_op_boot_handle) refers to bootloader.o(i.bl_response_ack) for bl_response_ack
    bootloader.o(i.bl_op_boot_handle) refers to cpu_tick.o(i.cpu_tick_deinit) for cpu_tick_deinit
    bootloader.o(i.bl_op_boot_handle) refers to uart.o(i.uart_deinit) for uart_deinit
    bootloader.o(i.bl_op_boot_handle) refers to board.o(i.board_deinit) for board_deinit
    bootloader.o(i.bl_op_boot_handle) refers to jump_app.o(.text) for jump_to_app
    bootloader.o(i.bl_op_erase_handle) refers to bootloader.o(i.bl_response_ack) for bl_response_ack
    bootloader.o(i.bl_op_erase_handle) refers to bootloader.o(i.get_u32_le_inc) for get_u32_le_inc
    bootloader.o(i.bl_op_erase_handle) refers to flash_ops.o(i.flash_erase) for flash_erase
    bootloader.o(i.bl_op_erase_handle) refers to bootloader.o(.bss) for packet_buf
    bootloader.o(i.bl_op_inquery_handle) refers to printf8.o(i.__0printf$8) for __2printf
    bootloader.o(i.bl_op_inquery_handle) refers to bootloader.o(i.bl_response) for bl_response
    bootloader.o(i.bl_op_inquery_handle) refers to bootloader.o(.bss) for packet_buf
    bootloader.o(i.bl_op_reset_handle) refers to bootloader.o(i.bl_response_ack) for bl_response_ack
    bootloader.o(i.bl_packet_handle) refers to printf8.o(i.__0printf$8) for __2printf
    bootloader.o(i.bl_packet_handle) refers to bootloader.o(i.bl_op_inquery_handle) for bl_op_inquery_handle
    bootloader.o(i.bl_packet_handle) refers to bootloader.o(i.bl_op_boot_handle) for bl_op_boot_handle
    bootloader.o(i.bl_packet_handle) refers to bootloader.o(i.bl_op_reset_handle) for bl_op_reset_handle
    bootloader.o(i.bl_packet_handle) refers to bootloader.o(i.bl_op_erase_handle) for bl_op_erase_handle
    bootloader.o(i.bl_packet_handle) refers to bootloader.o(i.bl_op_write_handle) for bl_op_write_handle
    bootloader.o(i.bl_packet_handle) refers to bootloader.o(i.bl_op_verify_handle) for bl_op_verify_handle
    bootloader.o(i.bl_packet_handle) refers to bootloader.o(.bss) for packet_buf
    bootloader.o(i.bl_packet_reset) refers to bootloader.o(.data) for packet_index
    bootloader.o(i.bl_recv_handle) refers to printf8.o(i.__0printf$8) for __2printf
    bootloader.o(i.bl_recv_handle) refers to bootloader.o(i.bl_packet_reset) for bl_packet_reset
    bootloader.o(i.bl_recv_handle) refers to crc16.o(i.crc16) for crc16
    bootloader.o(i.bl_recv_handle) refers to bootloader.o(.data) for packet_index
    bootloader.o(i.bl_recv_handle) refers to bootloader.o(.bss) for packet_buf
    bootloader.o(i.bl_response) refers to memcpya.o(.text) for __aeabi_memcpy
    bootloader.o(i.bl_response) refers to crc16.o(i.crc16) for crc16
    bootloader.o(i.bl_response) refers to bl_uart.o(i.bl_uart_send) for bl_uart_send
    bootloader.o(i.bl_response_ack) refers to bootloader.o(i.bl_response) for bl_response
    bootloader.o(i.bl_uart_recv_cb) refers to ringbuffer.o(i.rb_write) for rb_write
    bootloader.o(i.bl_uart_recv_cb) refers to bootloader.o(.data) for rx_rb
    bootloader.o(i.bootloader_main) refers to printf8.o(i.__0printf$8) for __2printf
    bootloader.o(i.bootloader_main) refers to ringbuffer.o(i.rb_init) for rb_init
[...]
    Removing stm32f4xx_pwr.o(.revsh_text), (4 bytes).
    Removing stm32f4xx_pwr.o(.rrx_text), (6 bytes).
    Removing stm32f4xx_pwr.o(i.PWR_BackupAccessCmd), (12 bytes).
    Removing stm32f4xx_pwr.o(i.PWR_BackupRegulatorCmd), (12 bytes).
    Removing stm32f4xx_pwr.o(i.PWR_ClearFlag), (20 bytes).
    Removing stm32f4xx_pwr.o(i.PWR_DeInit), (22 bytes).
    Removing stm32f4xx_pwr.o(i.PWR_EnterSTANDBYMode), (40 bytes).
    Removing stm32f4xx_pwr.o(i.PWR_EnterSTOPMode), (68 bytes).
    Removing stm32f4xx_pwr.o(i.PWR_EnterUnderDriveSTOPMode), (68 bytes).
    Removing stm32f4xx_pwr.o(i.PWR_FlashPowerDownCmd), (12 bytes).
    Removing stm32f4xx_pwr.o(i.PWR_GetFlagStatus), (24 bytes).
    Removing stm32f4xx_pwr.o(i.PWR_MainRegulatorModeConfig), (24 bytes).
    Removing stm32f4xx_pwr.o(i.PWR_OverDriveCmd), (12 bytes).
    Removing stm32f4xx_pwr.o(i.PWR_OverDriveSWCmd), (12 bytes).
    Removing stm32f4xx_pwr.o(i.PWR_PVDCmd), (12 bytes).
    Removing stm32f4xx_pwr.o(i.PWR_PVDLevelConfig), (24 bytes).
    Removing stm32f4xx_pwr.o(i.PWR_UnderDriveCmd), (36 bytes).
    Removing stm32f4xx_pwr.o(i.PWR_WakeUpPinCmd), (12 bytes).
    Removing stm32f4xx_qspi.o(.rev16_text), (4 bytes).
    Removing stm32f4xx_qspi.o(.revsh_text), (4 bytes).
    Removing stm32f4xx_qspi.o(.rrx_text), (6 bytes).
    Removing stm32f4xx_rcc.o(.rev16_text), (4 bytes).
    Removing stm32f4xx_rcc.o(.revsh_text), (4 bytes).
    Removing stm32f4xx_rcc.o(.rrx_text), (6 bytes).
    Removing stm32f4xx_rcc.o(i.RCC_AHB1PeriphClockLPModeCmd), (32 bytes).
    Removing stm32f4xx_rcc.o(i.RCC_AHB1PeriphResetCmd), (32 bytes).
    Removing stm32f4xx_rcc.o(i.RCC_AHB2PeriphClockCmd), (32 bytes).
    Removing stm32f4xx_rcc.o(i.RCC_AHB2PeriphClockLPModeCmd), (32 bytes).
    Removing stm32f4xx_rcc.o(i.RCC_AHB2PeriphResetCmd), (32 bytes).
    Removing stm32f4xx_rcc.o(i.RCC_AHB3PeriphClockCmd), (32 bytes).
    Removing stm32f4xx_rcc.o(i.RCC_AHB3PeriphClockLPModeCmd), (32 bytes).
    Removing stm32f4xx_rcc.o(i.RCC_AHB3PeriphResetCmd), (32 bytes).
    Removing stm32f4xx_rcc.o(i.RCC_APB1PeriphClockLPModeCmd), (32 bytes).
    Removing stm32f4xx_rcc.o(i.RCC_APB2PeriphClockLPModeCmd), (32 bytes).
    Removing stm32f4xx_rcc.o(i.RCC_AdjustHSICalibrationValue), (24 bytes).
    Removing stm32f4xx_rcc.o(i.RCC_BackupResetCmd), (12 bytes).
    Removing stm32f4xx_rcc.o(i.RCC_ClearFlag), (20 bytes).
    Removing stm32f4xx_rcc.o(i.RCC_ClearITPendingBit), (12 bytes).
    Removing stm32f4xx_rcc.o(i.RCC_ClockSecuritySystemCmd), (12 bytes).
    Removing stm32f4xx_rcc.o(i.RCC_DeInit), (100 bytes).
    Removing stm32f4xx_rcc.o(i.RCC_GetFlagStatus), (64 bytes).
    Removing stm32f4xx_rcc.o(i.RCC_GetITStatus), (24 bytes).
    Removing stm32f4xx_rcc.o(i.RCC_GetSYSCLKSource), (16 bytes).
    Removing stm32f4xx_rcc.o(i.RCC_HCLKConfig), (24 bytes).
    Removing stm32f4xx_rcc.o(i.RCC_HSEConfig), (16 bytes).
    Removing stm32f4xx_rcc.o(i.RCC_HSICmd), (12 bytes).
    Removing stm32f4xx_rcc.o(i.RCC_I2SCLKConfig), (12 bytes).
    Removing stm32f4xx_rcc.o(i.RCC_ITConfig), (32 bytes).
    Removing stm32f4xx_rcc.o(i.RCC_LSEConfig), (44 bytes).
    Removing stm32f4xx_rcc.o(i.RCC_LSEModeConfig), (36 bytes).
    Removing stm32f4xx_rcc.o(i.RCC_LSICmd), (12 bytes).
    Removing stm32f4xx_rcc.o(i.RCC_LTDCCLKDivConfig), (24 bytes).
    Removing stm32f4xx_rcc.o(i.RCC_MCO1Config), (28 bytes).
    Removing stm32f4xx_rcc.o(i.RCC_MCO2Config), (28 bytes).
    Removing stm32f4xx_rcc.o(i.RCC_PCLK1Config), (24 bytes).
    Removing stm32f4xx_rcc.o(i.RCC_PCLK2Config), (24 bytes).
    Removing stm32f4xx_rcc.o(i.RCC_PLLCmd), (12 bytes).
    Removing stm32f4xx_rcc.o(i.RCC_PLLConfig), (36 bytes).
    Removing stm32f4xx_rcc.o(i.RCC_PLLI2SCmd), (12 bytes).
    Removing stm32f4xx_rcc.o(i.RCC_PLLI2SConfig), (16 bytes).
    Removing stm32f4xx_rcc.o(i.RCC_PLLSAICmd), (12 bytes).
    Removing stm32f4xx_rcc.o(i.RCC_PLLSAIConfig), (24 bytes).
    Removing stm32f4xx_rcc.o(i.RCC_RTCCLKCmd), (12 bytes).
    Removing stm32f4xx_rcc.o(i.RCC_RTCCLKConfig), (60 bytes).
    Removing stm32f4xx_rcc.o(i.RCC_SAIBlockACLKConfig), (24 bytes).
    Removing stm32f4xx_rcc.o(i.RCC_SAIBlockBCLKConfig), (24 bytes).
    Removing stm32f4xx_rcc.o(i.RCC_SAIPLLI2SClkDivConfig), (28 bytes).
    Removing stm32f4xx_rcc.o(i.RCC_SAIPLLSAIClkDivConfig), (28 bytes).
    Removing stm32f4xx_rcc.o(i.RCC_SYSCLKConfig), (24 bytes).
    Removing stm32f4xx_rcc.o(i.RCC_TIMCLKPresConfig), (12 bytes).
    Removing stm32f4xx_rcc.o(i.RCC_WaitForHSEStartUp), (56 bytes).
    Removing stm32f4xx_rng.o(.rev16_text), (4 bytes).
    Removing stm32f4xx_rng.o(.revsh_text), (4 bytes).
    Removing stm32f4xx_rng.o(.rrx_text), (6 bytes).
    Removing stm32f4xx_rng.o(i.RNG_ClearFlag), (16 bytes).
    Removing stm32f4xx_rng.o(i.RNG_ClearITPendingBit), (16 bytes).
    Removing stm32f4xx_rng.o(i.RNG_Cmd), (36 bytes).
    Removing stm32f4xx_rng.o(i.RNG_DeInit), (20 bytes).
    Removing stm32f4xx_rng.o(i.RNG_GetFlagStatus), (24 bytes).
    Removing stm32f4xx_rng.o(i.RNG_GetITStatus), (24 bytes).
    Removing stm32f4xx_rng.o(i.RNG_GetRandomNumber), (12 bytes).
    Removing stm32f4xx_rng.o(i.RNG_ITConfig), (36 bytes).
    Removing stm32f4xx_rtc.o(.rev16_text), (4 bytes).
    Removing stm32f4xx_rtc.o(.revsh_text), (4 bytes).
    Removing stm32f4xx_rtc.o(.rrx_text), (6 bytes).
    Removing stm32f4xx_rtc.o(i.RTC_AlarmCmd), (116 bytes).
    Removing stm32f4xx_rtc.o(i.RTC_AlarmStructInit), (22 bytes).
    Removing stm32f4xx_rtc.o(i.RTC_AlarmSubSecondConfig), (52 bytes).
    Removing stm32f4xx_rtc.o(i.RTC_Bcd2ToByte), (22 bytes).
    Removing stm32f4xx_rtc.o(i.RTC_BypassShadowCmd), (60 bytes).
    Removing stm32f4xx_rtc.o(i.RTC_ByteToBcd2), (28 bytes).
    Removing stm32f4xx_rtc.o(i.RTC_CalibOutputCmd), (60 bytes).
    Removing stm32f4xx_rtc.o(i.RTC_CalibOutputConfig), (48 bytes).
    Removing stm32f4xx_rtc.o(i.RTC_ClearFlag), (28 bytes).
    Removing stm32f4xx_rtc.o(i.RTC_ClearITPendingBit), (32 bytes).
    Removing stm32f4xx_rtc.o(i.RTC_CoarseCalibCmd), (80 bytes).
    Removing stm32f4xx_rtc.o(i.RTC_CoarseCalibConfig), (56 bytes).
    Removing stm32f4xx_rtc.o(i.RTC_DateStructInit), (14 bytes).
    Removing stm32f4xx_rtc.o(i.RTC_DayLightSavingConfig), (56 bytes).
    Removing stm32f4xx_rtc.o(i.RTC_DeInit), (212 bytes).
    Removing stm32f4xx_rtc.o(i.RTC_EnterInitMode), (80 bytes).
    Removing stm32f4xx_rtc.o(i.RTC_ExitInitMode), (20 bytes).
    Removing stm32f4xx_rtc.o(i.RTC_GetAlarm), (116 bytes).
    Removing stm32f4xx_rtc.o(i.RTC_GetAlarmSubSecond), (36 bytes).
    Removing stm32f4xx_rtc.o(i.RTC_GetDate), (76 bytes).
    Removing stm32f4xx_rtc.o(i.RTC_GetFlagStatus), (40 bytes).
    Removing stm32f4xx_rtc.o(i.RTC_GetITStatus), (68 bytes).
    Removing stm32f4xx_rtc.o(i.RTC_GetStoreOperation), (16 bytes).
    Removing stm32f4xx_rtc.o(i.RTC_GetSubSecond), (20 bytes).
    Removing stm32f4xx_rtc.o(i.RTC_GetTime), (80 bytes).
    Removing stm32f4xx_rtc.o(i.RTC_GetTimeStamp), (156 bytes).
    Removing stm32f4xx_rtc.o(i.RTC_GetTimeStampSubSecond), (12 bytes).
    Removing stm32f4xx_rtc.o(i.RTC_GetWakeUpCounter), (12 bytes).
    Removing stm32f4xx_rtc.o(i.RTC_ITConfig), (100 bytes).
    Removing stm32f4xx_rtc.o(i.RTC_Init), (100 bytes).
    Removing stm32f4xx_rtc.o(i.RTC_OutputConfig), (56 bytes).
    Removing stm32f4xx_rtc.o(i.RTC_OutputTypeConfig), (28 bytes).
    Removing stm32f4xx_rtc.o(i.RTC_ReadBackupRegister), (32 bytes).
    Removing stm32f4xx_rtc.o(i.RTC_RefClockCmd), (80 bytes).
    Removing stm32f4xx_rtc.o(i.RTC_SetAlarm), (236 bytes).
    Removing stm32f4xx_rtc.o(i.RTC_SetDate), (200 bytes).
    Removing stm32f4xx_rtc.o(i.RTC_SetTime), (208 bytes).
    Removing stm32f4xx_rtc.o(i.RTC_SetWakeUpCounter), (28 bytes).
    Removing stm32f4xx_rtc.o(i.RTC_SmoothCalibConfig), (96 bytes).
    Removing stm32f4xx_rtc.o(i.RTC_StructInit), (14 bytes).
    Removing stm32f4xx_rtc.o(i.RTC_SynchroShiftConfig), (124 bytes).
    Removing stm32f4xx_rtc.o(i.RTC_TamperCmd), (32 bytes).
    Removing stm32f4xx_rtc.o(i.RTC_TamperFilterConfig), (28 bytes).
    Removing stm32f4xx_rtc.o(i.RTC_TamperPinSelection), (28 bytes).
    Removing stm32f4xx_rtc.o(i.RTC_TamperPinsPrechargeDuration), (28 bytes).
    Removing stm32f4xx_rtc.o(i.RTC_TamperPullUpCmd), (36 bytes).
    Removing stm32f4xx_rtc.o(i.RTC_TamperSamplingFreqConfig), (28 bytes).
    Removing stm32f4xx_rtc.o(i.RTC_TamperTriggerConfig), (36 bytes).
    Removing stm32f4xx_rtc.o(i.RTC_TimeStampCmd), (56 bytes).
    Removing stm32f4xx_rtc.o(i.RTC_TimeStampOnTamperDetectionCmd), (36 bytes).
    Removing stm32f4xx_rtc.o(i.RTC_TimeStampPinSelection), (28 bytes).
    Removing stm32f4xx_rtc.o(i.RTC_TimeStructInit), (12 bytes).
    Removing stm32f4xx_rtc.o(i.RTC_WaitForSynchro), (96 bytes).
    Removing stm32f4xx_rtc.o(i.RTC_WakeUpClockConfig), (48 bytes).
    Removing stm32f4xx_rtc.o(i.RTC_WakeUpCmd), (120 bytes).
    Removing stm32f4xx_rtc.o(i.RTC_WriteBackupRegister), (28 bytes).
    Removing stm32f4xx_rtc.o(i.RTC_WriteProtectionCmd), (28 bytes).
    Removing stm32f4xx_sai.o(.rev16_text), (4 bytes).
    Removing stm32f4xx_sai.o(.revsh_text), (4 bytes).
    Removing stm32f4xx_sai.o(.rrx_text), (6 bytes).
    Removing stm32f4xx_sai.o(i.SAI_ClearFlag), (8 bytes).
    Removing stm32f4xx_sai.o(i.SAI_ClearITPendingBit), (8 bytes).
    Removing stm32f4xx_sai.o(i.SAI_Cmd), (22 bytes).
    Removing stm32f4xx_sai.o(i.SAI_CompandingModeConfig), (16 bytes).
    Removing stm32f4xx_sai.o(i.SAI_DMACmd), (22 bytes).
    Removing stm32f4xx_sai.o(i.SAI_DeInit), (36 bytes).
    Removing stm32f4xx_sai.o(i.SAI_FlushFIFO), (10 bytes).
    Removing stm32f4xx_sai.o(i.SAI_FrameInit), (44 bytes).
    Removing stm32f4xx_sai.o(i.SAI_FrameStructInit), (18 bytes).
    Removing stm32f4xx_sai.o(i.SAI_GetCmdStatus), (20 bytes).
    Removing stm32f4xx_sai.o(i.SAI_GetFIFOStatus), (12 bytes).
    Removing stm32f4xx_sai.o(i.SAI_GetFlagStatus), (18 bytes).
    Removing stm32f4xx_sai.o(i.SAI_GetITStatus), (30 bytes).
    Removing stm32f4xx_sai.o(i.SAI_ITConfig), (18 bytes).
    Removing stm32f4xx_sai.o(i.SAI_Init), (76 bytes).
    Removing stm32f4xx_sai.o(i.SAI_MonoModeConfig), (18 bytes).
    Removing stm32f4xx_sai.o(i.SAI_MuteFrameCounterConfig), (18 bytes).
    Removing stm32f4xx_sai.o(i.SAI_MuteModeCmd), (22 bytes).
    Removing stm32f4xx_sai.o(i.SAI_MuteValueConfig), (16 bytes).
    Removing stm32f4xx_sai.o(i.SAI_ReceiveData), (6 bytes).
    Removing stm32f4xx_sai.o(i.SAI_SendData), (4 bytes).
    Removing stm32f4xx_sai.o(i.SAI_SlotInit), (36 bytes).
    Removing stm32f4xx_sai.o(i.SAI_SlotStructInit), (16 bytes).
    Removing stm32f4xx_sai.o(i.SAI_StructInit), (30 bytes).
    Removing stm32f4xx_sai.o(i.SAI_TRIStateConfig), (18 bytes).
    Removing stm32f4xx_sdio.o(.rev16_text), (4 bytes).
    Removing stm32f4xx_sdio.o(.revsh_text), (4 bytes).
    Removing stm32f4xx_sdio.o(.rrx_text), (6 bytes).
    Removing stm32f4xx_sdio.o(i.SDIO_CEATAITCmd), (16 bytes).
    Removing stm32f4xx_sdio.o(i.SDIO_ClearFlag), (12 bytes).
    Removing stm32f4xx_sdio.o(i.SDIO_ClearITPendingBit), (12 bytes).
    Removing stm32f4xx_sdio.o(i.SDIO_ClockCmd), (12 bytes).
    Removing stm32f4xx_sdio.o(i.SDIO_CmdStructInit), (14 bytes).
    Removing stm32f4xx_sdio.o(i.SDIO_CommandCompletionCmd), (12 bytes).
    Removing stm32f4xx_sdio.o(i.SDIO_DMACmd), (12 bytes).
    Removing stm32f4xx_sdio.o(i.SDIO_DataConfig), (52 bytes).
    Removing stm32f4xx_sdio.o(i.SDIO_DataStructInit), (20 bytes).
    Removing stm32f4xx_sdio.o(i.SDIO_DeInit), (22 bytes).
    Removing stm32f4xx_sdio.o(i.SDIO_GetCommandResponse), (12 bytes).
    Removing stm32f4xx_sdio.o(i.SDIO_GetDataCounter), (12 bytes).
    Removing stm32f4xx_sdio.o(i.SDIO_GetFIFOCount), (12 bytes).
    Removing stm32f4xx_sdio.o(i.SDIO_GetFlagStatus), (24 bytes).
    Removing stm32f4xx_sdio.o(i.SDIO_GetITStatus), (24 bytes).
    Removing stm32f4xx_sdio.o(i.SDIO_GetPowerState), (16 bytes).
    Removing stm32f4xx_sdio.o(i.SDIO_GetResponse), (24 bytes).
    Removing stm32f4xx_sdio.o(i.SDIO_ITConfig), (32 bytes).
    Removing stm32f4xx_sdio.o(i.SDIO_Init), (48 bytes).
    Removing stm32f4xx_sdio.o(i.SDIO_ReadData), (12 bytes).
    Removing stm32f4xx_sdio.o(i.SDIO_SendCEATACmd), (12 bytes).
    Removing stm32f4xx_sdio.o(i.SDIO_SendCommand), (44 bytes).
    Removing stm32f4xx_sdio.o(i.SDIO_SendSDIOSuspendCmd), (12 bytes).
    Removing stm32f4xx_sdio.o(i.SDIO_SetPowerState), (12 bytes).
    Removing stm32f4xx_sdio.o(i.SDIO_SetSDIOOperation), (12 bytes).
    Removing stm32f4xx_sdio.o(i.SDIO_SetSDIOReadWaitMode), (12 bytes).
    Removing stm32f4xx_sdio.o(i.SDIO_StartSDIOReadWait), (12 bytes).
    Removing stm32f4xx_sdio.o(i.SDIO_StopSDIOReadWait), (12 bytes).
    Removing stm32f4xx_sdio.o(i.SDIO_StructInit), (16 bytes).
    Removing stm32f4xx_sdio.o(i.SDIO_WriteData), (12 bytes).
    Removing stm32f4xx_spdifrx.o(.rev16_text), (4 bytes).
    Removing stm32f4xx_spdifrx.o(.revsh_text), (4 bytes).
    Removing stm32f4xx_spdifrx.o(.rrx_text), (6 bytes).
    Removing stm32f4xx_spi.o(.rev16_text), (4 bytes).
    Removing stm32f4xx_spi.o(.revsh_text), (4 bytes).
    Removing stm32f4xx_spi.o(.rrx_text), (6 bytes).
    Removing stm32f4xx_spi.o(i.I2S_Cmd), (24 bytes).
    Removing stm32f4xx_spi.o(i.I2S_FullDuplexConfig), (80 bytes).
    Removing stm32f4xx_spi.o(i.I2S_Init), (420 bytes).
    Removing stm32f4xx_spi.o(i.I2S_StructInit), (20 bytes).
    Removing stm32f4xx_spi.o(i.SPI_BiDirectionalLineConfig), (28 bytes).
    Removing stm32f4xx_spi.o(i.SPI_CalculateCRC), (24 bytes).
    Removing stm32f4xx_spi.o(i.SPI_Cmd), (24 bytes).
    Removing stm32f4xx_spi.o(i.SPI_DataSizeConfig), (18 bytes).
    Removing stm32f4xx_spi.o(i.SPI_GetCRC), (16 bytes).
    Removing stm32f4xx_spi.o(i.SPI_GetCRCPolynomial), (6 bytes).
    Removing stm32f4xx_spi.o(i.SPI_I2S_ClearFlag), (6 bytes).
    Removing stm32f4xx_spi.o(i.SPI_I2S_ClearITPendingBit), (20 bytes).
    Removing stm32f4xx_spi.o(i.SPI_I2S_DMACmd), (18 bytes).
    Removing stm32f4xx_spi.o(i.SPI_I2S_DeInit), (176 bytes).
    Removing stm32f4xx_spi.o(i.SPI_I2S_GetFlagStatus), (18 bytes).
    Removing stm32f4xx_spi.o(i.SPI_I2S_GetITStatus), (52 bytes).
    Removing stm32f4xx_spi.o(i.SPI_I2S_ITConfig), (32 bytes).
    Removing stm32f4xx_spi.o(i.SPI_I2S_ReceiveData), (6 bytes).
    Removing stm32f4xx_spi.o(i.SPI_I2S_SendData), (4 bytes).
    Removing stm32f4xx_spi.o(i.SPI_Init), (60 bytes).
    Removing stm32f4xx_spi.o(i.SPI_NSSInternalSoftwareConfig), (30 bytes).
    Removing stm32f4xx_spi.o(i.SPI_SSOutputCmd), (24 bytes).
    Removing stm32f4xx_spi.o(i.SPI_StructInit), (24 bytes).
    Removing stm32f4xx_spi.o(i.SPI_TIModeCmd), (24 bytes).
    Removing stm32f4xx_spi.o(i.SPI_TransmitCRC), (10 bytes).
    Removing stm32f4xx_syscfg.o(.rev16_text), (4 bytes).
    Removing stm32f4xx_syscfg.o(.revsh_text), (4 bytes).
    Removing stm32f4xx_syscfg.o(.rrx_text), (6 bytes).
    Removing stm32f4xx_syscfg.o(i.SYSCFG_CompensationCellCmd), (12 bytes).
    Removing stm32f4xx_syscfg.o(i.SYSCFG_DeInit), (22 bytes).
    Removing stm32f4xx_syscfg.o(i.SYSCFG_ETH_MediaInterfaceConfig), (12 bytes).
    Removing stm32f4xx_syscfg.o(i.SYSCFG_EXTILineConfig), (64 bytes).
    Removing stm32f4xx_syscfg.o(i.SYSCFG_GetCompensationCellStatus), (24 bytes).
    Removing stm32f4xx_syscfg.o(i.SYSCFG_MemoryRemapConfig), (12 bytes).
    Removing stm32f4xx_syscfg.o(i.SYSCFG_MemorySwappingBank), (12 bytes).
    Removing stm32f4xx_tim.o(.rev16_text), (4 bytes).
    Removing stm32f4xx_tim.o(.revsh_text), (4 bytes).
    Removing stm32f4xx_tim.o(.rrx_text), (6 bytes).
    Removing stm32f4xx_tim.o(i.TI1_Config), (58 bytes).
    Removing stm32f4xx_tim.o(i.TI2_Config), (80 bytes).
    Removing stm32f4xx_tim.o(i.TI3_Config), (72 bytes).
    Removing stm32f4xx_tim.o(i.TI4_Config), (80 bytes).
    Removing stm32f4xx_tim.o(i.TIM_ARRPreloadConfig), (24 bytes).
    Removing stm32f4xx_tim.o(i.TIM_BDTRConfig), (32 bytes).
    Removing stm32f4xx_tim.o(i.TIM_BDTRStructInit), (18 bytes).
    Removing stm32f4xx_tim.o(i.TIM_CCPreloadControl), (24 bytes).
    Removing stm32f4xx_tim.o(i.TIM_CCxCmd), (30 bytes).
    Removing stm32f4xx_tim.o(i.TIM_CCxNCmd), (30 bytes).
    Removing stm32f4xx_tim.o(i.TIM_ClearFlag), (6 bytes).
    Removing stm32f4xx_tim.o(i.TIM_ClearITPendingBit), (6 bytes).
    Removing stm32f4xx_tim.o(i.TIM_ClearOC1Ref), (18 bytes).
    Removing stm32f4xx_tim.o(i.TIM_ClearOC2Ref), (24 bytes).
    Removing stm32f4xx_tim.o(i.TIM_ClearOC3Ref), (18 bytes).
    Removing stm32f4xx_tim.o(i.TIM_ClearOC4Ref), (24 bytes).
    Removing stm32f4xx_tim.o(i.TIM_Cmd), (24 bytes).
    Removing stm32f4xx_tim.o(i.TIM_CounterModeConfig), (18 bytes).
    Removing stm32f4xx_tim.o(i.TIM_CtrlPWMOutputs), (30 bytes).
    Removing stm32f4xx_tim.o(i.TIM_DMACmd), (18 bytes).
    Removing stm32f4xx_tim.o(i.TIM_DMAConfig), (10 bytes).
    Removing stm32f4xx_tim.o(i.TIM_DeInit), (400 bytes).
    Removing stm32f4xx_tim.o(i.TIM_ETRClockMode1Config), (54 bytes).
    Removing stm32f4xx_tim.o(i.TIM_ETRClockMode2Config), (32 bytes).
    Removing stm32f4xx_tim.o(i.TIM_ETRConfig), (28 bytes).
    Removing stm32f4xx_tim.o(i.TIM_EncoderInterfaceConfig), (66 bytes).
    Removing stm32f4xx_tim.o(i.TIM_ForcedOC1Config), (18 bytes).
    Removing stm32f4xx_tim.o(i.TIM_ForcedOC2Config), (26 bytes).
    Removing stm32f4xx_tim.o(i.TIM_ForcedOC3Config), (18 bytes).
    Removing stm32f4xx_tim.o(i.TIM_ForcedOC4Config), (26 bytes).
    Removing stm32f4xx_tim.o(i.TIM_GenerateEvent), (4 bytes).
    Removing stm32f4xx_tim.o(i.TIM_GetCapture1), (6 bytes).
    Removing stm32f4xx_tim.o(i.TIM_GetCapture2), (6 bytes).
    Removing stm32f4xx_tim.o(i.TIM_GetCapture3), (6 bytes).
    Removing stm32f4xx_tim.o(i.TIM_GetCapture4), (6 bytes).
    Removing stm32f4xx_tim.o(i.TIM_GetCounter), (6 bytes).
    Removing stm32f4xx_tim.o(i.TIM_GetFlagStatus), (18 bytes).
    Removing stm32f4xx_tim.o(i.TIM_GetITStatus), (34 bytes).
    Removing stm32f4xx_tim.o(i.TIM_GetPrescaler), (6 bytes).
    Removing stm32f4xx_tim.o(i.TIM_ICInit), (110 bytes).
    Removing stm32f4xx_tim.o(i.TIM_ICStructInit), (18 bytes).
    Removing stm32f4xx_tim.o(i.TIM_ITConfig), (18 bytes).
    Removing stm32f4xx_tim.o(i.TIM_ITRxExternalClockConfig), (24 bytes).
    Removing stm32f4xx_tim.o(i.TIM_InternalClockConfig), (12 bytes).
    Removing stm32f4xx_tim.o(i.TIM_OC1FastConfig), (18 bytes).
    Removing stm32f4xx_tim.o(i.TIM_OC1Init), (124 bytes).
    Removing stm32f4xx_tim.o(i.TIM_OC1NPolarityConfig), (18 bytes).
    Removing stm32f4xx_tim.o(i.TIM_OC1PolarityConfig), (18 bytes).
    Removing stm32f4xx_tim.o(i.TIM_OC1PreloadConfig), (18 bytes).
    Removing stm32f4xx_tim.o(i.TIM_OC2FastConfig), (26 bytes).
    Removing stm32f4xx_tim.o(i.TIM_OC2Init), (164 bytes).
    Removing stm32f4xx_tim.o(i.TIM_OC2NPolarityConfig), (26 bytes).
    Removing stm32f4xx_tim.o(i.TIM_OC2PolarityConfig), (26 bytes).
    Removing stm32f4xx_tim.o(i.TIM_OC2PreloadConfig), (26 bytes).
    Removing stm32f4xx_tim.o(i.TIM_OC3FastConfig), (18 bytes).
    Removing stm32f4xx_tim.o(i.TIM_OC3Init), (160 bytes).
    Removing stm32f4xx_tim.o(i.TIM_OC3NPolarityConfig), (26 bytes).
    Removing stm32f4xx_tim.o(i.TIM_OC3PolarityConfig), (26 bytes).
    Removing stm32f4xx_tim.o(i.TIM_OC3PreloadConfig), (18 bytes).
    Removing stm32f4xx_tim.o(i.TIM_OC4FastConfig), (26 bytes).
    Removing stm32f4xx_tim.o(i.TIM_OC4Init), (120 bytes).
    Removing stm32f4xx_tim.o(i.TIM_OC4PolarityConfig), (26 bytes).
    Removing stm32f4xx_tim.o(i.TIM_OC4PreloadConfig), (26 bytes).
    Removing stm32f4xx_tim.o(i.TIM_OCStructInit), (20 bytes).
    Removing stm32f4xx_tim.o(i.TIM_PWMIConfig), (124 bytes).
    Removing stm32f4xx_tim.o(i.TIM_PrescalerConfig), (6 bytes).
    Removing stm32f4xx_tim.o(i.TIM_RemapConfig), (6 bytes).
    Removing stm32f4xx_tim.o(i.TIM_SelectCCDMA), (24 bytes).
    Removing stm32f4xx_tim.o(i.TIM_SelectCOM), (24 bytes).
    Removing stm32f4xx_tim.o(i.TIM_SelectHallSensor), (24 bytes).
    Removing stm32f4xx_tim.o(i.TIM_SelectInputTrigger), (18 bytes).
    Removing stm32f4xx_tim.o(i.TIM_SelectMasterSlaveMode), (18 bytes).
    Removing stm32f4xx_tim.o(i.TIM_SelectOCxM), (86 bytes).
    Removing stm32f4xx_tim.o(i.TIM_SelectOnePulseMode), (18 bytes).
    Removing stm32f4xx_tim.o(i.TIM_SelectOutputTrigger), (18 bytes).
    Removing stm32f4xx_tim.o(i.TIM_SelectSlaveMode), (18 bytes).
    Removing stm32f4xx_tim.o(i.TIM_SetAutoreload), (4 bytes).
    Removing stm32f4xx_tim.o(i.TIM_SetClockDivision), (18 bytes).
    Removing stm32f4xx_tim.o(i.TIM_SetCompare1), (4 bytes).
    Removing stm32f4xx_tim.o(i.TIM_SetCompare2), (4 bytes).
    Removing stm32f4xx_tim.o(i.TIM_SetCompare3), (4 bytes).
    Removing stm32f4xx_tim.o(i.TIM_SetCompare4), (4 bytes).
    Removing stm32f4xx_tim.o(i.TIM_SetCounter), (4 bytes).
    Removing stm32f4xx_tim.o(i.TIM_SetIC1Prescaler), (18 bytes).
    Removing stm32f4xx_tim.o(i.TIM_SetIC2Prescaler), (26 bytes).
    Removing stm32f4xx_tim.o(i.TIM_SetIC3Prescaler), (18 bytes).
    Removing stm32f4xx_tim.o(i.TIM_SetIC4Prescaler), (26 bytes).
    Removing stm32f4xx_tim.o(i.TIM_TIxExternalClockConfig), (62 bytes).
    Removing stm32f4xx_tim.o(i.TIM_TimeBaseInit), (132 bytes).
    Removing stm32f4xx_tim.o(i.TIM_TimeBaseStructInit), (18 bytes).
    Removing stm32f4xx_tim.o(i.TIM_UpdateDisableConfig), (24 bytes).
    Removing stm32f4xx_tim.o(i.TIM_UpdateRequestConfig), (24 bytes).
    Removing stm32f4xx_usart.o(.rev16_text), (4 bytes).
    Removing stm32f4xx_usart.o(.revsh_text), (4 bytes).
    Removing stm32f4xx_usart.o(.rrx_text), (6 bytes).
    Removing stm32f4xx_usart.o(i.USART_ClearFlag), (18 bytes).
    Removing stm32f4xx_usart.o(i.USART_ClockInit), (32 bytes).
    Removing stm32f4xx_usart.o(i.USART_ClockStructInit), (12 bytes).
    Removing stm32f4xx_usart.o(i.USART_DMACmd), (18 bytes).
    Removing stm32f4xx_usart.o(i.USART_HalfDuplexCmd), (24 bytes).
    Removing stm32f4xx_usart.o(i.USART_IrDACmd), (24 bytes).
    Removing stm32f4xx_usart.o(i.USART_IrDAConfig), (18 bytes).
    Removing stm32f4xx_usart.o(i.USART_LINBreakDetectLengthConfig), (18 bytes).
    Removing stm32f4xx_usart.o(i.USART_LINCmd), (24 bytes).
    Removing stm32f4xx_usart.o(i.USART_OneBitMethodCmd), (24 bytes).
    Removing stm32f4xx_usart.o(i.USART_OverSampling8Cmd), (22 bytes).
    Removing stm32f4xx_usart.o(i.USART_ReceiverWakeUpCmd), (24 bytes).
    Removing stm32f4xx_usart.o(i.USART_SendBreak), (10 bytes).
    Removing stm32f4xx_usart.o(i.USART_SetAddress), (18 bytes).
    Removing stm32f4xx_usart.o(i.USART_SetGuardTime), (16 bytes).
    Removing stm32f4xx_usart.o(i.USART_SetPrescaler), (16 bytes).
    Removing stm32f4xx_usart.o(i.USART_SmartCardCmd), (24 bytes).
    Removing stm32f4xx_usart.o(i.USART_SmartCardNACKCmd), (24 bytes).
    Removing stm32f4xx_usart.o(i.USART_WakeUpConfig), (18 bytes).
    Removing stm32f4xx_wwdg.o(.rev16_text), (4 bytes).
    Removing stm32f4xx_wwdg.o(.revsh_text), (4 bytes).
    Removing stm32f4xx_wwdg.o(.rrx_text), (6 bytes).
    Removing stm32f4xx_wwdg.o(i.WWDG_ClearFlag), (12 bytes).
    Removing stm32f4xx_wwdg.o(i.WWDG_DeInit), (22 bytes).
    Removing stm32f4xx_wwdg.o(i.WWDG_Enable), (16 bytes).
    Removing stm32f4xx_wwdg.o(i.WWDG_EnableIT), (12 bytes).
    Removing stm32f4xx_wwdg.o(i.WWDG_GetFlagStatus), (20 bytes).
    Removing stm32f4xx_wwdg.o(i.WWDG_SetCounter), (16 bytes).
    Removing stm32f4xx_wwdg.o(i.WWDG_SetPrescaler), (24 bytes).
    Removing stm32f4xx_wwdg.o(i.WWDG_SetWindowValue), (40 bytes).
    Removing dadd.o(.text), (334 bytes).
    Removing dmul.o(.text), (228 bytes).
    Removing ddiv.o(.text), (222 bytes).
    Removing dfixul.o(.text), (48 bytes).
    Removing cdrcmple.o(.text), (48 bytes).
    Removing depilogue.o(.text), (186 bytes).

886 unused section(s) (total 42710 bytes) removed from the image.

==============================================================================

Image Symbol Table

    Local Symbols

    Symbol Name                              Value     Ov Type        Size  Object(Section)

    ../clib/microlib/division.c              0x00000000   Number         0  uidiv.o ABSOLUTE
    ../clib/microlib/division.c              0x00000000   Number         0  uldiv.o ABSOLUTE
    ../clib/microlib/init/entry.s            0x00000000   Number         0  entry2.o ABSOLUTE
    ../clib/microlib/init/entry.s            0x00000000   Number         0  entry9b.o ABSOLUTE
    ../clib/microlib/init/entry.s            0x00000000   Number         0  entry11b.o ABSOLUTE
    ../clib/microlib/init/entry.s            0x00000000   Number         0  entry9a.o ABSOLUTE
    ../clib/microlib/init/entry.s            0x00000000   Number         0  entry8b.o ABSOLUTE
    ../clib/microlib/init/entry.s            0x00000000   Number         0  entry7a.o ABSOLUTE
    ../clib/microlib/init/entry.s            0x00000000   Number         0  entry.o ABSOLUTE
    ../clib/microlib/init/entry.s            0x00000000   Number         0  entry7b.o ABSOLUTE
    ../clib/microlib/init/entry.s            0x00000000   Number         0  entry5.o ABSOLUTE
    ../clib/microlib/init/entry.s            0x00000000   Number         0  entry8a.o ABSOLUTE
    ../clib/microlib/init/entry.s            0x00000000   Number         0  entry11a.o ABSOLUTE
    ../clib/microlib/init/entry.s            0x00000000   Number         0  entry10b.o ABSOLUTE
    ../clib/microlib/init/entry.s            0x00000000   Number         0  entry10a.o ABSOLUTE
    ../clib/microlib/longlong.c              0x00000000   Number         0  llshl.o ABSOLUTE
    ../clib/microlib/longlong.c              0x00000000   Number         0  llushr.o ABSOLUTE
    ../clib/microlib/longlong.c              0x00000000   Number         0  llsshr.o ABSOLUTE
    ../clib/microlib/printf/printf.c         0x00000000   Number         0  printf0.o ABSOLUTE
    ../clib/microlib/printf/printf.c         0x00000000   Number         0  printfb.o ABSOLUTE
    ../clib/microlib/printf/printf.c         0x00000000   Number         0  printf8.o ABSOLUTE
    ../clib/microlib/printf/printf.c         0x00000000   Number         0  printfa.o ABSOLUTE
    ../clib/microlib/printf/printf.c         0x00000000   Number         0  printf3.o ABSOLUTE
    ../clib/microlib/printf/printf.c         0x00000000   Number         0  printf7.o ABSOLUTE
    ../clib/microlib/printf/printf.c         0x00000000   Number         0  printf6.o ABSOLUTE
    ../clib/microlib/printf/printf.c         0x00000000   Number         0  printf5.o ABSOLUTE
    ../clib/microlib/printf/printf.c         0x00000000   Number         0  printf4.o ABSOLUTE
    ../clib/microlib/printf/printf.c         0x00000000   Number         0  printf2.o ABSOLUTE
    ../clib/microlib/printf/printf.c         0x00000000   Number         0  printf1.o ABSOLUTE
    ../clib/microlib/printf/stubs.s          0x00000000   Number         0  stubs.o ABSOLUTE
    ../clib/microlib/stdio/streams.c         0x00000000   Number         0  stdout.o ABSOLUTE
    ../clib/microlib/string/memcpy.c         0x00000000   Number         0  memcpya.o ABSOLUTE
    ../clib/microlib/string/memcpy.c         0x00000000   Number         0  memcpyb.o ABSOLUTE
    ../clib/microlib/string/memset.c         0x00000000   Number         0  memseta.o ABSOLUTE
    ../clib/microlib/string/strlen.c         0x00000000   Number         0  strlen.o ABSOLUTE
    ../clib/microlib/stubs.s                 0x00000000   Number         0  iusefp.o ABSOLUTE
    ../fplib/microlib/fpadd.c                0x00000000   Number         0  dadd.o ABSOLUTE
    ../fplib/microlib/fpdiv.c                0x00000000   Number         0  ddiv.o ABSOLUTE
    ../fplib/microlib/fpepilogue.c           0x00000000   Number         0  depilogue.o ABSOLUTE
    ../fplib/microlib/fpfix.c                0x00000000   Number         0  dfixul.o ABSOLUTE
    ../fplib/microlib/fpmul.c                0x00000000   Number         0  dmul.o ABSOLUTE
    ..\\app\\board.c                         0x00000000   Number         0  board.o ABSOLUTE
    ..\\app\\bootloader.c                    0x00000000   Number         0  bootloader.o ABSOLUTE
    ..\\driver\\bl_uart.c                    0x00000000   Number         0  bl_uart.o ABSOLUTE
    ..\\driver\\cpu_tick.c                   0x00000000   Number         0  cpu_tick.o ABSOLUTE
    ..\\driver\\flash_ops.c                  0x00000000   Number         0  flash_ops.o ABSOLUTE
    ..\\driver\\uart.c                       0x00000000   Number         0  uart.o ABSOLUTE
    ..\\firmware\\cmsis\\device\\stm32f4xx_it.c 0x00000000   Number         0  stm32f4xx_it.o ABSOLUTE
    ..\\firmware\\cmsis\\device\\system_stm32f4xx.c 0x00000000   Number         0  system_stm32f4xx.o ABSOLUTE
    ..\\firmware\\driver\\src\\misc.c        0x00000000   Number         0  misc.o ABSOLUTE
    ..\\firmware\\driver\\src\\stm32f4xx_adc.c 0x00000000   Number         0  stm32f4xx_adc.o ABSOLUTE
    ..\\firmware\\driver\\src\\stm32f4xx_can.c 0x00000000   Number         0  stm32f4xx_can.o ABSOLUTE
    ..\\firmware\\driver\\src\\stm32f4xx_cec.c 0x00000000   Number         0  stm32f4xx_cec.o ABSOLUTE
    ..\\firmware\\driver\\src\\stm32f4xx_crc.c 0x00000000   Number         0  stm32f4xx_crc.o ABSOLUTE
    ..\\firmware\\driver\\src\\stm32f4xx_cryp.c 0x00000000   Number         0  stm32f4xx_cryp.o ABSOLUTE
    ..\\firmware\\driver\\src\\stm32f4xx_cryp_aes.c 0x00000000   Number         0  stm32f4xx_cryp_aes.o ABSOLUTE
    ..\\firmware\\driver\\src\\stm32f4xx_cryp_des.c 0x00000000   Number         0  stm32f4xx_cryp_des.o ABSOLUTE
    ..\\firmware\\driver\\src\\stm32f4xx_cryp_tdes.c 0x00000000   Number         0  stm32f4xx_cryp_tdes.o ABSOLUTE
    ..\\firmware\\driver\\src\\stm32f4xx_dac.c 0x00000000   Number         0  stm32f4xx_dac.o ABSOLUTE
    ..\\firmware\\driver\\src\\stm32f4xx_dbgmcu.c 0x00000000   Number         0  stm32f4xx_dbgmcu.o ABSOLUTE
    ..\\firmware\\driver\\src\\stm32f4xx_dcmi.c 0x00000000   Number         0  stm32f4xx_dcmi.o ABSOLUTE
    ..\\firmware\\driver\\src\\stm32f4xx_dfsdm.c 0x00000000   Number         0  stm32f4xx_dfsdm.o ABSOLUTE
    ..\\firmware\\driver\\src\\stm32f4xx_dma.c 0x00000000   Number         0  stm32f4xx_dma.o ABSOLUTE
    ..\\firmware\\driver\\src\\stm32f4xx_dma2d.c 0x00000000   Number         0  stm32f4xx_dma2d.o ABSOLUTE
    ..\\firmware\\driver\\src\\stm32f4xx_dsi.c 0x00000000   Number         0  stm32f4xx_dsi.o ABSOLUTE
    ..\\firmware\\driver\\src\\stm32f4xx_exti.c 0x00000000   Number         0  stm32f4xx_exti.o ABSOLUTE
    ..\\firmware\\driver\\src\\stm32f4xx_flash.c 0x00000000   Number         0  stm32f4xx_flash.o ABSOLUTE
    ..\\firmware\\driver\\src\\stm32f4xx_flash_ramfunc.c 0x00000000   Number         0  stm32f4xx_flash_ramfunc.o ABSOLUTE
    ..\\firmware\\driver\\src\\stm32f4xx_fmpi2c.c 0x00000000   Number         0  stm32f4xx_fmpi2c.o ABSOLUTE
    ..\\firmware\\driver\\src\\stm32f4xx_fsmc.c 0x00000000   Number         0  stm32f4xx_fsmc.o ABSOLUTE
    ..\\firmware\\driver\\src\\stm32f4xx_gpio.c 0x00000000   Number         0  stm32f4xx_gpio.o ABSOLUTE
    ..\\firmware\\driver\\src\\stm32f4xx_hash.c 0x00000000   Number         0  stm32f4xx_hash.o ABSOLUTE
    ..\\firmware\\driver\\src\\stm32f4xx_hash_md5.c 0x00000000   Number         0  stm32f4xx_hash_md5.o ABSOLUTE
    ..\\firmware\\driver\\src\\stm32f4xx_hash_sha1.c 0x00000000   Number         0  stm32f4xx_hash_sha1.o ABSOLUTE
    ..\\firmware\\driver\\src\\stm32f4xx_i2c.c 0x00000000   Number         0  stm32f4xx_i2c.o ABSOLUTE
    ..\\firmware\\driver\\src\\stm32f4xx_iwdg.c 0x00000000   Number         0  stm32f4xx_iwdg.o ABSOLUTE
    ..\\firmware\\driver\\src\\stm32f4xx_lptim.c 0x00000000   Number         0  stm32f4xx_lptim.o ABSOLUTE
    ..\\firmware\\driver\\src\\stm32f4xx_ltdc.c 0x00000000   Number         0  stm32f4xx_ltdc.o ABSOLUTE
    ..\\firmware\\driver\\src\\stm32f4xx_pwr.c 0x00000000   Number         0  stm32f4xx_pwr.o ABSOLUTE
    ..\\firmware\\driver\\src\\stm32f4xx_qspi.c 0x00000000   Number         0  stm32f4xx_qspi.o ABSOLUTE
    ..\\firmware\\driver\\src\\stm32f4xx_rcc.c 0x00000000   Number         0  stm32f4xx_rcc.o ABSOLUTE
    ..\\firmware\\driver\\src\\stm32f4xx_rng.c 0x00000000   Number         0  stm32f4xx_rng.o ABSOLUTE
    ..\\firmware\\driver\\src\\stm32f4xx_rtc.c 0x00000000   Number         0  stm32f4xx_rtc.o ABSOLUTE
    ..\\firmware\\driver\\src\\stm32f4xx_sai.c 0x00000000   Number         0  stm32f4xx_sai.o ABSOLUTE
    ..\\firmware\\driver\\src\\stm32f4xx_sdio.c 0x00000000   Number         0  stm32f4xx_sdio.o ABSOLUTE
    ..\\firmware\\driver\\src\\stm32f4xx_spdifrx.c 0x00000000   Number         0  stm32f4xx_spdifrx.o ABSOLUTE
    ..\\firmware\\driver\\src\\stm32f4xx_spi.c 0x00000000   Number         0  stm32f4xx_spi.o ABSOLUTE
    ..\\firmware\\driver\\src\\stm32f4xx_syscfg.c 0x00000000   Number         0  stm32f4xx_syscfg.o ABSOLUTE
    ..\\firmware\\driver\\src\\stm32f4xx_tim.c 0x00000000   Number         0  stm32f4xx_tim.o ABSOLUTE
    ..\\firmware\\driver\\src\\stm32f4xx_usart.c 0x00000000   Number         0  stm32f4xx_usart.o ABSOLUTE
    ..\\firmware\\driver\\src\\stm32f4xx_wwdg.c 0x00000000   Number         0  stm32f4xx_wwdg.o ABSOLUTE
    ..\app\board.c                           0x00000000   Number         0  board.o ABSOLUTE
    ..\app\bootloader.c                      0x00000000   Number         0  bootloader.o ABSOLUTE
    ..\app\jump_app.s                        0x00000000   Number         0  jump_app.o ABSOLUTE
    ..\app\main.c                            0x00000000   Number         0  main.o ABSOLUTE
    ..\driver\bl_uart.c                      0x00000000   Number         0  bl_uart.o ABSOLUTE
    ..\driver\cpu_tick.c                     0x00000000   Number         0  cpu_tick.o ABSOLUTE
    ..\driver\flash_ops.c                    0x00000000   Number         0  flash_ops.o ABSOLUTE
    ..\driver\uart.c                         0x00000000   Number         0  uart.o ABSOLUTE
    ..\firmware\cmsis\device\startup_stm32f40_41xxx.s 0x00000000   Number         0  startup_stm32f40_41xxx.o ABSOLUTE
    ..\firmware\cmsis\device\stm32f4xx_it.c  0x00000000   Number         0  stm32f4xx_it.o ABSOLUTE
    ..\firmware\cmsis\device\system_stm32f4xx.c 0x00000000   Number         0  system_stm32f4xx.o ABSOLUTE
    ..\firmware\driver\src\misc.c            0x00000000   Number         0  misc.o ABSOLUTE
    ..\firmware\driver\src\stm32f4xx_adc.c   0x00000000   Number         0  stm32f4xx_adc.o ABSOLUTE
    ..\firmware\driver\src\stm32f4xx_can.c   0x00000000   Number         0  stm32f4xx_can.o ABSOLUTE
    ..\firmware\driver\src\stm32f4xx_cec.c   0x00000000   Number         0  stm32f4xx_cec.o ABSOLUTE
    ..\firmware\driver\src\stm32f4xx_crc.c   0x00000000   Number         0  stm32f4xx_crc.o ABSOLUTE
    ..\firmware\driver\src\stm32f4xx_cryp.c  0x00000000   Number         0  stm32f4xx_cryp.o ABSOLUTE
    ..\firmware\driver\src\stm32f4xx_cryp_aes.c 0x00000000   Number         0  stm32f4xx_cryp_aes.o ABSOLUTE
    ..\firmware\driver\src\stm32f4xx_cryp_des.c 0x00000000   Number         0  stm32f4xx_cryp_des.o ABSOLUTE
    ..\firmware\driver\src\stm32f4xx_cryp_tdes.c 0x00000000   Number         0  stm32f4xx_cryp_tdes.o ABSOLUTE
    ..\firmware\driver\src\stm32f4xx_dac.c   0x00000000   Number         0  stm32f4xx_dac.o ABSOLUTE
    ..\firmware\driver\src\stm32f4xx_dbgmcu.c 0x00000000   Number         0  stm32f4xx_dbgmcu.o ABSOLUTE
    ..\firmware\driver\src\stm32f4xx_dcmi.c  0x00000000   Number         0  stm32f4xx_dcmi.o ABSOLUTE
    ..\firmware\driver\src\stm32f4xx_dfsdm.c 0x00000000   Number         0  stm32f4xx_dfsdm.o ABSOLUTE
    ..\firmware\driver\src\stm32f4xx_dma.c   0x00000000   Number         0  stm32f4xx_dma.o ABSOLUTE
    ..\firmware\driver\src\stm32f4xx_dma2d.c 0x00000000   Number         0  stm32f4xx_dma2d.o ABSOLUTE
    ..\firmware\driver\src\stm32f4xx_dsi.c   0x00000000   Number         0  stm32f4xx_dsi.o ABSOLUTE
    ..\firmware\driver\src\stm32f4xx_exti.c  0x00000000   Number         0  stm32f4xx_exti.o ABSOLUTE
    ..\firmware\driver\src\stm32f4xx_flash.c 0x00000000   Number         0  stm32f4xx_flash.o ABSOLUTE
    ..\firmware\driver\src\stm32f4xx_flash_ramfunc.c 0x00000000   Number         0  stm32f4xx_flash_ramfunc.o ABSOLUTE
    ..\firmware\driver\src\stm32f4xx_fmpi2c.c 0x00000000   Number         0  stm32f4xx_fmpi2c.o ABSOLUTE
    ..\firmware\driver\src\stm32f4xx_fsmc.c  0x00000000   Number         0  stm32f4xx_fsmc.o ABSOLUTE
    ..\firmware\driver\src\stm32f4xx_gpio.c  0x00000000   Number         0  stm32f4xx_gpio.o ABSOLUTE
    ..\firmware\driver\src\stm32f4xx_hash.c  0x00000000   Number         0  stm32f4xx_hash.o ABSOLUTE
    ..\firmware\driver\src\stm32f4xx_hash_md5.c 0x00000000   Number         0  stm32f4xx_hash_md5.o ABSOLUTE
    ..\firmware\driver\src\stm32f4xx_hash_sha1.c 0x00000000   Number         0  stm32f4xx_hash_sha1.o ABSOLUTE
    ..\firmware\driver\src\stm32f4xx_i2c.c   0x00000000   Number         0  stm32f4xx_i2c.o ABSOLUTE
    ..\firmware\driver\src\stm32f4xx_iwdg.c  0x00000000   Number         0  stm32f4xx_iwdg.o ABSOLUTE
    ..\firmware\driver\src\stm32f4xx_lptim.c 0x00000000   Number         0  stm32f4xx_lptim.o ABSOLUTE
    ..\firmware\driver\src\stm32f4xx_ltdc.c  0x00000000   Number         0  stm32f4xx_ltdc.o ABSOLUTE
    ..\firmware\driver\src\stm32f4xx_pwr.c   0x00000000   Number         0  stm32f4xx_pwr.o ABSOLUTE
    ..\firmware\driver\src\stm32f4xx_qspi.c  0x00000000   Number         0  stm32f4xx_qspi.o ABSOLUTE
    ..\firmware\driver\src\stm32f4xx_rcc.c   0x00000000   Number         0  stm32f4xx_rcc.o ABSOLUTE
    ..\firmware\driver\src\stm32f4xx_rng.c   0x00000000   Number         0  stm32f4xx_rng.o ABSOLUTE
    ..\firmware\driver\src\stm32f4xx_rtc.c   0x00000000   Number         0  stm32f4xx_rtc.o ABSOLUTE
    ..\firmware\driver\src\stm32f4xx_sai.c   0x00000000   Number         0  stm32f4xx_sai.o ABSOLUTE
    ..\firmware\driver\src\stm32f4xx_sdio.c  0x00000000   Number         0  stm32f4xx_sdio.o ABSOLUTE
    ..\firmware\driver\src\stm32f4xx_spdifrx.c 0x00000000   Number         0  stm32f4xx_spdifrx.o ABSOLUTE
    ..\firmware\driver\src\stm32f4xx_spi.c   0x00000000   Number         0  stm32f4xx_spi.o ABSOLUTE
    ..\firmware\driver\src\stm32f4xx_syscfg.c 0x00000000   Number         0  stm32f4xx_syscfg.o ABSOLUTE
    ..\firmware\driver\src\stm32f4xx_tim.c   0x00000000   Number         0  stm32f4xx_tim.o ABSOLUTE
    ..\firmware\driver\src\stm32f4xx_usart.c 0x00000000   Number         0  stm32f4xx_usart.o ABSOLUTE
    ..\firmware\driver\src\stm32f4xx_wwdg.c  0x00000000   Number         0  stm32f4xx_wwdg.o ABSOLUTE
    ..\third_lib\crc\crc16.c                 0x00000000   Number         0  crc16.o ABSOLUTE
    ..\third_lib\crc\crc32.c                 0x00000000   Number         0  crc32.o ABSOLUTE
    ..\third_lib\ringbuffer\ringbuffer.c     0x00000000   Number         0  ringbuffer.o ABSOLUTE
    ..\third_lib\rtt_viewer\SEGGER_RTT.c     0x00000000   Number         0  segger_rtt.o ABSOLUTE
    cdrcmple.s                               0x00000000   Number         0  cdrcmple.o ABSOLUTE
    dc.s                                     0x00000000   Number         0  dc.o ABSOLUTE
    handlers.s                               0x00000000   Number         0  handlers.o ABSOLUTE
    init.s                                   0x00000000   Number         0  init.o ABSOLUTE
    RESET                                    0x08000000   Section      392  startup_stm32f40_41xxx.o(RESET)
    .ARM.Collect$$$$00000000                 0x08000188   Section        0  entry.o(.ARM.Collect$$$$00000000)
    .ARM.Collect$$$$00000001                 0x08000188   Section        4  entry2.o(.ARM.Collect$$$$00000001)
    .ARM.Collect$$$$00000004                 0x0800018c   Section        4  entry5.o(.ARM.Collect$$$$00000004)
    .ARM.Collect$$$$00000008                 0x08000190   Section        0  entry7b.o(.ARM.Collect$$$$00000008)
    .ARM.Collect$$$$0000000A                 0x08000190   Section        0  entry8b.o(.ARM.Collect$$$$0000000A)
    .ARM.Collect$$$$0000000B                 0x08000190   Section        8  entry9a.o(.ARM.Collect$$$$0000000B)
    .ARM.Collect$$$$0000000D                 0x08000198   Section        0  entry10a.o(.ARM.Collect$$$$0000000D)
    .ARM.Collect$$$$0000000F                 0x08000198   Section        0  entry11a.o(.ARM.Collect$$$$0000000F)
    .ARM.Collect$$$$00002712                 0x08000198   Section        4  entry2.o(.ARM.Collect$$$$00002712)
    __lit__00000000                          0x08000198   Data           4  entry2.o(.ARM.Collect$$$$00002712)
    .text                                    0x0800019c   Section       16  jump_app.o(.text)
    $v0                                      0x0800019c   Number         0  jump_app.o(.text)
    .text                                    0x080001ac   Section       36  startup_stm32f40_41xxx.o(.text)
    $v0                                      0x080001ac   Number         0  startup_stm32f40_41xxx.o(.text)
    .text                                    0x080001d0   Section        0  memcpya.o(.text)
    .text                                    0x080001f4   Section        0  uldiv.o(.text)
    .text                                    0x08000258   Section       36  init.o(.text)
    .text                                    0x0800027c   Section        0  llshl.o(.text)
    .text                                    0x0800029a   Section        0  llushr.o(.text)
    i.BusFault_Handler                       0x080002ba   Section        0  stm32f4xx_it.o(i.BusFault_Handler)
    i.DebugMon_Handler                       0x080002be   Section        0  stm32f4xx_it.o(i.DebugMon_Handler)
    i.FLASH_EraseSector                      0x080002c0   Section        0  stm32f4xx_flash.o(i.FLASH_EraseSector)
    i.FLASH_GetStatus                        0x08000348   Section        0  stm32f4xx_flash.o(i.FLASH_GetStatus)
    i.FLASH_Lock                             0x0800039c   Section        0  stm32f4xx_flash.o(i.FLASH_Lock)
    i.FLASH_Unlock                           0x080003b0   Section        0  stm32f4xx_flash.o(i.FLASH_Unlock)
    i.FLASH_WaitForLastOperation             0x080003d4   Section        0  stm32f4xx_flash.o(i.FLASH_WaitForLastOperation)
    i.GPIO_Init                              0x080003f6   Section        0  stm32f4xx_gpio.o(i.GPIO_Init)
    i.GPIO_PinAFConfig                       0x08000486   Section        0  stm32f4xx_gpio.o(i.GPIO_PinAFConfig)
    i.GPIO_StructInit                        0x080004cc   Section        0  stm32f4xx_gpio.o(i.GPIO_StructInit)
    i.HardFault_Handler                      0x080004de   Section        0  stm32f4xx_it.o(i.HardFault_Handler)
    i.MemManage_Handler                      0x080004e2   Section        0  stm32f4xx_it.o(i.MemManage_Handler)
    i.NMI_Handler                            0x080004e6   Section        0  stm32f4xx_it.o(i.NMI_Handler)
    i.NVIC_Init                              0x080004e8   Section        0  misc.o(i.NVIC_Init)
    i.NVIC_PriorityGroupConfig               0x08000560   Section        0  misc.o(i.NVIC_PriorityGroupConfig)
    i.PendSV_Handler                         0x08000574   Section        0  stm32f4xx_it.o(i.PendSV_Handler)
    i.RCC_AHB1PeriphClockCmd                 0x08000578   Section        0  stm32f4xx_rcc.o(i.RCC_AHB1PeriphClockCmd)
    i.RCC_APB1PeriphClockCmd                 0x08000598   Section        0  stm32f4xx_rcc.o(i.RCC_APB1PeriphClockCmd)
    i.RCC_APB1PeriphResetCmd                 0x080005b8   Section        0  stm32f4xx_rcc.o(i.RCC_APB1PeriphResetCmd)
    i.RCC_APB2PeriphClockCmd                 0x080005d8   Section        0  stm32f4xx_rcc.o(i.RCC_APB2PeriphClockCmd)
    i.RCC_APB2PeriphResetCmd                 0x080005f8   Section        0  stm32f4xx_rcc.o(i.RCC_APB2PeriphResetCmd)
    i.RCC_GetClocksFreq                      0x08000618   Section        0  stm32f4xx_rcc.o(i.RCC_GetClocksFreq)
    i.SVC_Handler                            0x08000700   Section        0  stm32f4xx_it.o(i.SVC_Handler)
    i.SetSysClock                            0x08000704   Section        0  system_stm32f4xx.o(i.SetSysClock)
    SetSysClock                              0x08000705   Thumb Code   220  system_stm32f4xx.o(i.SetSysClock)
    i.SysTick_Handler                        0x080007f0   Section        0  stm32f4xx_it.o(i.SysTick_Handler)
    i.SystemInit                             0x080007f4   Section        0  system_stm32f4xx.o(i.SystemInit)
    i.USART1_IRQHandler                      0x0800085c   Section        0  bl_uart.o(i.USART1_IRQHandler)
    i.USART_ClearITPendingBit                0x08000898   Section        0  stm32f4xx_usart.o(i.USART_ClearITPendingBit)
    i.USART_Cmd                              0x080008b6   Section        0  stm32f4xx_usart.o(i.USART_Cmd)
    i.USART_DeInit                           0x080008d0   Section        0  stm32f4xx_usart.o(i.USART_DeInit)
    i.USART_GetFlagStatus                    0x080009c0   Section        0  stm32f4xx_usart.o(i.USART_GetFlagStatus)
    i.USART_GetITStatus                      0x080009da   Section        0  stm32f4xx_usart.o(i.USART_GetITStatus)
    i.USART_ITConfig                         0x08000a2e   Section        0  stm32f4xx_usart.o(i.USART_ITConfig)
    i.USART_Init                             0x08000a78   Section        0  stm32f4xx_usart.o(i.USART_Init)
    i.USART_ReceiveData                      0x08000b4c   Section        0  stm32f4xx_usart.o(i.USART_ReceiveData)
    i.USART_SendData                         0x08000b56   Section        0  stm32f4xx_usart.o(i.USART_SendData)
    i.USART_StructInit                       0x08000b5e   Section        0  stm32f4xx_usart.o(i.USART_StructInit)
    i.UsageFault_Handler                     0x08000b76   Section        0  stm32f4xx_it.o(i.UsageFault_Handler)
    i.__0printf$8                            0x08000b7c   Section        0  printf8.o(i.__0printf$8)
    i.__scatterload_copy                     0x08000b9c   Section       14  handlers.o(i.__scatterload_copy)
    i.__scatterload_null                     0x08000baa   Section        2  handlers.o(i.__scatterload_null)
    i.__scatterload_zeroinit                 0x08000bac   Section       14  handlers.o(i.__scatterload_zeroinit)
    i._printf_core                           0x08000bbc   Section        0  printf8.o(i._printf_core)
    _printf_core                             0x08000bbd   Thumb Code   996  printf8.o(i._printf_core)
    i._printf_post_padding                   0x08000fcc   Section        0  printf8.o(i._printf_post_padding)
    _printf_post_padding                     0x08000fcd   Thumb Code    36  printf8.o(i._printf_post_padding)
    i._printf_pre_padding                    0x08000ff0   Section        0  printf8.o(i._printf_pre_padding)
    _printf_pre_padding                      0x08000ff1   Thumb Code    46  printf8.o(i._printf_pre_padding)
    i.bl_op_boot_handle                      0x08001020   Section        0  bootloader.o(i.bl_op_boot_handle)
    bl_op_boot_handle                        0x08001021   Thumb Code    32  bootloader.o(i.bl_op_boot_handle)
    i.bl_op_erase_handle                     0x08001044   Section        0  bootloader.o(i.bl_op_erase_handle)
    bl_op_erase_handle                       0x08001045   Thumb Code   116  bootloader.o(i.bl_op_erase_handle)
    i.bl_op_inquery_handle                   0x080010c4   Section        0  bootloader.o(i.bl_op_inquery_handle)
    bl_op_inquery_handle                     0x080010c5   Thumb Code    70  bootloader.o(i.bl_op_inquery_handle)
    i.bl_op_reset_handle                     0x0800112c   Section        0  bootloader.o(i.bl_op_reset_handle)
    bl_op_reset_handle                       0x0800112d   Thumb Code    72  bootloader.o(i.bl_op_reset_handle)
    i.bl_op_verify_handle                    0x0800117c   Section        0  bootloader.o(i.bl_op_verify_handle)
    bl_op_verify_handle                      0x0800117d   Thumb Code     2  bootloader.o(i.bl_op_verify_handle)
    i.bl_op_write_handle                     0x0800117e   Section        0  bootloader.o(i.bl_op_write_handle)
    bl_op_write_handle                       0x0800117f   Thumb Code     2  bootloader.o(i.bl_op_write_handle)
    i.bl_packet_handle                       0x08001180   Section        0  bootloader.o(i.bl_packet_handle)
    bl_packet_handle                         0x08001181   Thumb Code    86  bootloader.o(i.bl_packet_handle)
    i.bl_packet_reset                        0x080011ec   Section        0  bootloader.o(i.bl_packet_reset)
    bl_packet_reset                          0x080011ed   Thumb Code    12  bootloader.o(i.bl_packet_reset)
    i.bl_recv_handle                         0x08001200   Section        0  bootloader.o(i.bl_recv_handle)
    bl_recv_handle                           0x08001201   Thumb Code   408  bootloader.o(i.bl_recv_handle)
    i.bl_response                            0x0800146c   Section        0  bootloader.o(i.bl_response)
    bl_response                              0x0800146d   Thumb Code   118  bootloader.o(i.bl_response)
    i.bl_response_ack                        0x080014e2   Section        0  bootloader.o(i.bl_response_ack)
    bl_response_ack                          0x080014e3   Thumb Code    18  bootloader.o(i.bl_response_ack)
    i.bl_uart_init                           0x080014f4   Section        0  bl_uart.o(i.bl_uart_init)
    i.bl_uart_recv_callback_register         0x08001504   Section        0  bl_uart.o(i.bl_uart_recv_callback_register)
    i.bl_uart_recv_cb                        0x08001510   Section        0  bootloader.o(i.bl_uart_recv_cb)
    bl_uart_recv_cb                          0x08001511   Thumb Code    16  bootloader.o(i.bl_uart_recv_cb)
    i.bl_uart_send                           0x08001524   Section        0  bl_uart.o(i.bl_uart_send)
    i.board_deinit                           0x08001560   Section        0  board.o(i.board_deinit)
    i.board_init                             0x08001568   Section        0  board.o(i.board_init)
    i.board_lowlevel_deinit                  0x08001570   Section        0  board.o(i.board_lowlevel_deinit)
    board_lowlevel_deinit                    0x08001571   Thumb Code    70  board.o(i.board_lowlevel_deinit)
    i.board_lowlevel_init                    0x080015b6   Section        0  board.o(i.board_lowlevel_init)
    board_lowlevel_init                      0x080015b7   Thumb Code    68  board.o(i.board_lowlevel_init)
    i.bootloader_main                        0x080015fc   Section        0  bootloader.o(i.bootloader_main)
    i.cpu_tick_deinit                        0x080016a4   Section        0  cpu_tick.o(i.cpu_tick_deinit)
    i.crc16                                  0x080016cc   Section        0  crc16.o(i.crc16)
    i.flash_erase                            0x080016f8   Section        0  flash_ops.o(i.flash_erase)
    i.flash_lock                             0x08001790   Section        0  flash_ops.o(i.flash_lock)
    i.flash_unlock                           0x08001798   Section        0  flash_ops.o(i.flash_unlock)
    i.fputc                                  0x080017a0   Section        0  board.o(i.fputc)
    i.get_u32_le_inc                         0x080017c4   Section        0  bootloader.o(i.get_u32_le_inc)
    get_u32_le_inc                           0x080017c5   Thumb Code    34  bootloader.o(i.get_u32_le_inc)
    i.main                                   0x080017e8   Section        0  main.o(i.main)
    i.rb_init                                0x08001810   Section        0  ringbuffer.o(i.rb_init)
    i.rb_is_empty                            0x08001830   Section        0  ringbuffer.o(i.rb_is_empty)
    i.rb_is_full                             0x08001842   Section        0  ringbuffer.o(i.rb_is_full)
    i.rb_read                                0x08001860   Section        0  ringbuffer.o(i.rb_read)
    i.rb_write                               0x08001890   Section        0  ringbuffer.o(i.rb_write)
    i.uart_deinit                            0x080018c0   Section        0  uart.o(i.uart_deinit)
    i.uart_gpio_config                       0x08001950   Section        0  uart.o(i.uart_gpio_config)
    i.uart_it_config                         0x080019f4   Section        0  uart.o(i.uart_it_config)
    i.uart_lowlevel_init                     0x08001a44   Section        0  uart.o(i.uart_lowlevel_init)
    .constdata                               0x08001aa0   Section      144  flash_ops.o(.constdata)
    sectors                                  0x08001aa0   Data         144  flash_ops.o(.constdata)
    .constdata                               0x08001b30   Section      512  crc16.o(.constdata)
    crc16tab                                 0x08001b30   Data         512  crc16.o(.constdata)
    .data                                    0x20000000   Section       12  bootloader.o(.data)
    rx_rb                                    0x20000000   Data           4  bootloader.o(.data)
    packet_index                             0x20000004   Data           2  bootloader.o(.data)
    bl_status                                0x20000006   Data           1  bootloader.o(.data)
    length                                   0x20000008   Data           2  bootloader.o(.data)
    recv_len                                 0x2000000a   Data           2  bootloader.o(.data)
    .data                                    0x2000000c   Section        4  bl_uart.o(.data)
    .data                                    0x20000010   Section       56  uart.o(.data)
    uart_devs                                0x20000010   Data          56  uart.o(.data)
    .data                                    0x20000048   Section       16  stm32f4xx_rcc.o(.data)
    APBAHBPrescTable                         0x20000048   Data          16  stm32f4xx_rcc.o(.data)
    .data                                    0x20000058   Section        4  stdout.o(.data)
    .bss                                     0x2000005c   Section     5126  bootloader.o(.bss)
    rx_rb_buf                                0x2000005c   Data        1024  bootloader.o(.bss)
    packet_buf                               0x2000045c   Data        4102  bootloader.o(.bss)
    STACK                                    0x20001468   Section     1024  startup_stm32f40_41xxx.o(STACK)

    Global Symbols

    Symbol Name                              Value     Ov Type        Size  Object(Section)

    BuildAttributes$$THM_ISAv4$E$P$D$K$B$S$7EM$VFPi3$EXTD16$VFPS$VFMA$PE$A:L22UL41UL21$X:L11$S22US41US21$IEEE1$IW$USESV6$~STKCKD$USESV7$~SHL$OSPACE$ROPI$EBA8$MICROLIB$REQ8$EABIv2 0x00000000   Number         0  anon$$obj.o ABSOLUTE
    __ARM_use_no_argv                        0x00000000   Number         0  main.o ABSOLUTE
    _printf_a                                0x00000000   Number         0  stubs.o ABSOLUTE
    _printf_c                                0x00000000   Number         0  stubs.o ABSOLUTE
    _printf_charcount                        0x00000000   Number         0  stubs.o ABSOLUTE
    _printf_d                                0x00000000   Number         0  stubs.o ABSOLUTE
    _printf_e                                0x00000000   Number         0  stubs.o ABSOLUTE
    _printf_f                                0x00000000   Number         0  stubs.o ABSOLUTE
    _printf_flags                            0x00000000   Number         0  stubs.o ABSOLUTE
    _printf_fp_dec                           0x00000000   Number         0  stubs.o ABSOLUTE
    _printf_fp_hex                           0x00000000   Number         0  stubs.o ABSOLUTE
    _printf_g                                0x00000000   Number         0  stubs.o ABSOLUTE
    _printf_i                                0x00000000   Number         0  stubs.o ABSOLUTE
    _printf_int_dec                          0x00000000   Number         0  stubs.o ABSOLUTE
    _printf_l                                0x00000000   Number         0  stubs.o ABSOLUTE
    _printf_lc                               0x00000000   Number         0  stubs.o ABSOLUTE
    _printf_ll                               0x00000000   Number         0  stubs.o ABSOLUTE
    _printf_lld                              0x00000000   Number         0  stubs.o ABSOLUTE
    _printf_lli                              0x00000000   Number         0  stubs.o ABSOLUTE
    _printf_llo                              0x00000000   Number         0  stubs.o ABSOLUTE
    _printf_llu                              0x00000000   Number         0  stubs.o ABSOLUTE
    _printf_llx                              0x00000000   Number         0  stubs.o ABSOLUTE
    _printf_longlong_dec                     0x00000000   Number         0  stubs.o ABSOLUTE
    _printf_longlong_hex                     0x00000000   Number         0  stubs.o ABSOLUTE
    _printf_longlong_oct                     0x00000000   Number         0  stubs.o ABSOLUTE
    _printf_ls                               0x00000000   Number         0  stubs.o ABSOLUTE
    _printf_mbtowc                           0x00000000   Number         0  stubs.o ABSOLUTE
    _printf_n                                0x00000000   Number         0  stubs.o ABSOLUTE
    _printf_o                                0x00000000   Number         0  stubs.o ABSOLUTE
    _printf_p                                0x00000000   Number         0  stubs.o ABSOLUTE
    _printf_percent                          0x00000000   Number         0  stubs.o ABSOLUTE
    _printf_pre_padding                      0x00000000   Number         0  stubs.o ABSOLUTE
    _printf_return_value                     0x00000000   Number         0  stubs.o ABSOLUTE
    _printf_s                                0x00000000   Number         0  stubs.o ABSOLUTE
    _printf_sizespec                         0x00000000   Number         0  stubs.o ABSOLUTE
    _printf_str                              0x00000000   Number         0  stubs.o ABSOLUTE
    _printf_truncate_signed                  0x00000000   Number         0  stubs.o ABSOLUTE
    _printf_truncate_unsigned                0x00000000   Number         0  stubs.o ABSOLUTE
    _printf_u                                0x00000000   Number         0  stubs.o ABSOLUTE
    _printf_wc                               0x00000000   Number         0  stubs.o ABSOLUTE
    _printf_wctomb                           0x00000000   Number         0  stubs.o ABSOLUTE
    _printf_widthprec                        0x00000000   Number         0  stubs.o ABSOLUTE
    _printf_x                                0x00000000   Number         0  stubs.o ABSOLUTE
    __cpp_initialize__aeabi_                  - Undefined Weak Reference
    __cxa_finalize                            - Undefined Weak Reference
    __decompress                              - Undefined Weak Reference
    _clock_init                               - Undefined Weak Reference
    _microlib_exit                            - Undefined Weak Reference
    __Vectors_Size                           0x00000188   Number         0  startup_stm32f40_41xxx.o ABSOLUTE
    __Vectors                                0x08000000   Data           4  startup_stm32f40_41xxx.o(RESET)
    __Vectors_End                            0x08000188   Data           0  startup_stm32f40_41xxx.o(RESET)
    __main                                   0x08000189   Thumb Code     0  entry.o(.ARM.Collect$$$$00000000)
    _main_stk                                0x08000189   Thumb Code     0  entry2.o(.ARM.Collect$$$$00000001)
    _main_scatterload                        0x0800018d   Thumb Code     0  entry5.o(.ARM.Collect$$$$00000004)
    __main_after_scatterload                 0x08000191   Thumb Code     0  entry5.o(.ARM.Collect$$$$00000004)
    _main_clock                              0x08000191   Thumb Code     0  entry7b.o(.ARM.Collect$$$$00000008)
    _main_cpp_init                           0x08000191   Thumb Code     0  entry8b.o(.ARM.Collect$$$$0000000A)
    _main_init                               0x08000191   Thumb Code     0  entry9a.o(.ARM.Collect$$$$0000000B)
    __rt_final_cpp                           0x08000199   Thumb Code     0  entry10a.o(.ARM.Collect$$$$0000000D)
    __rt_final_exit                          0x08000199   Thumb Code     0  entry11a.o(.ARM.Collect$$$$0000000F)
    jump_to_app                              0x0800019d   Thumb Code    12  jump_app.o(.text)
    Reset_Handler                            0x080001ad   Thumb Code     8  startup_stm32f40_41xxx.o(.text)
    ADC_IRQHandler                           0x080001c7   Thumb Code     0  startup_stm32f40_41xxx.o(.text)
    CAN1_RX0_IRQHandler                      0x080001c7   Thumb Code     0  startup_stm32f40_41xxx.o(.text)
    CAN1_RX1_IRQHandler                      0x080001c7   Thumb Code     0  startup_stm32f40_41xxx.o(.text)
    CAN1_SCE_IRQHandler                      0x080001c7   Thumb Code     0  startup_stm32f40_41xxx.o(.text)
    CAN1_TX_IRQHandler                       0x080001c7   Thumb Code     0  startup_stm32f40_41xxx.o(.text)
    CAN2_RX0_IRQHandler                      0x080001c7   Thumb Code     0  startup_stm32f40_41xxx.o(.text)
    CAN2_RX1_IRQHandler                      0x080001c7   Thumb Code     0  startup_stm32f40_41xxx.o(.text)
    CAN2_SCE_IRQHandler                      0x080001c7   Thumb Code     0  startup_stm32f40_41xxx.o(.text)
    CAN2_TX_IRQHandler                       0x080001c7   Thumb Code     0  startup_stm32f40_41xxx.o(.text)
    CRYP_IRQHandler                          0x080001c7   Thumb Code     0  startup_stm32f40_41xxx.o(.text)
    DCMI_IRQHandler                          0x080001c7   Thumb Code     0  startup_stm32f40_41xxx.o(.text)
    DMA1_Stream0_IRQHandler                  0x080001c7   Thumb Code     0  startup_stm32f40_41xxx.o(.text)
    DMA1_Stream1_IRQHandler                  0x080001c7   Thumb Code     0  startup_stm32f40_41xxx.o(.text)
    DMA1_Stream2_IRQHandler                  0x080001c7   Thumb Code     0  startup_stm32f40_41xxx.o(.text)
    DMA1_Stream3_IRQHandler                  0x080001c7   Thumb Code     0  startup_stm32f40_41xxx.o(.text)
    DMA1_Stream4_IRQHandler                  0x080001c7   Thumb Code     0  startup_stm32f40_41xxx.o(.text)
    DMA1_Stream5_IRQHandler                  0x080001c7   Thumb Code     0  startup_stm32f40_41xxx.o(.text)
    DMA1_Stream6_IRQHandler                  0x080001c7   Thumb Code     0  startup_stm32f40_41xxx.o(.text)
    DMA1_Stream7_IRQHandler                  0x080001c7   Thumb Code     0  startup_stm32f40_41xxx.o(.text)
    DMA2_Stream0_IRQHandler                  0x080001c7   Thumb Code     0  startup_stm32f40_41xxx.o(.text)
    DMA2_Stream1_IRQHandler                  0x080001c7   Thumb Code     0  startup_stm32f40_41xxx.o(.text)
    DMA2_Stream2_IRQHandler                  0x080001c7   Thumb Code     0  startup_stm32f40_41xxx.o(.text)
    DMA2_Stream3_IRQHandler                  0x080001c7   Thumb Code     0  startup_stm32f40_41xxx.o(.text)
    DMA2_Stream4_IRQHandler                  0x080001c7   Thumb Code     0  startup_stm32f40_41xxx.o(.text)
    DMA2_Stream5_IRQHandler                  0x080001c7   Thumb Code     0  startup_stm32f40_41xxx.o(.text)
    DMA2_Stream6_IRQHandler                  0x080001c7   Thumb Code     0  startup_stm32f40_41xxx.o(.text)
    DMA2_Stream7_IRQHandler                  0x080001c7   Thumb Code     0  startup_stm32f40_41xxx.o(.text)
    ETH_IRQHandler                           0x080001c7   Thumb Code     0  startup_stm32f40_41xxx.o(.text)
    ETH_WKUP_IRQHandler                      0x080001c7   Thumb Code     0  startup_stm32f40_41xxx.o(.text)
    EXTI0_IRQHandler                         0x080001c7   Thumb Code     0  startup_stm32f40_41xxx.o(.text)
    EXTI15_10_IRQHandler                     0x080001c7   Thumb Code     0  startup_stm32f40_41xxx.o(.text)
    EXTI1_IRQHandler                         0x080001c7   Thumb Code     0  startup_stm32f40_41xxx.o(.text)
    EXTI2_IRQHandler                         0x080001c7   Thumb Code     0  startup_stm32f40_41xxx.o(.text)
    EXTI3_IRQHandler                         0x080001c7   Thumb Code     0  startup_stm32f40_41xxx.o(.text)
    EXTI4_IRQHandler                         0x080001c7   Thumb Code     0  startup_stm32f40_41xxx.o(.text)
    EXTI9_5_IRQHandler                       0x080001c7   Thumb Code     0  startup_stm32f40_41xxx.o(.text)
    FLASH_IRQHandler                         0x080001c7   Thumb Code     0  startup_stm32f40_41xxx.o(.text)
    FPU_IRQHandler                           0x080001c7   Thumb Code     0  startup_stm32f40_41xxx.o(.text)
    FSMC_IRQHandler                          0x080001c7   Thumb Code     0  startup_stm32f40_41xxx.o(.text)
    HASH_RNG_IRQHandler                      0x080001c7   Thumb Code     0  startup_stm32f40_41xxx.o(.text)
    I2C1_ER_IRQHandler                       0x080001c7   Thumb Code     0  startup_stm32f40_41xxx.o(.text)
    I2C1_EV_IRQHandler                       0x080001c7   Thumb Code     0  startup_stm32f40_41xxx.o(.text)
    I2C2_ER_IRQHandler                       0x080001c7   Thumb Code     0  startup_stm32f40_41xxx.o(.text)
    I2C2_EV_IRQHandler                       0x080001c7   Thumb Code     0  startup_stm32f40_41xxx.o(.text)
    I2C3_ER_IRQHandler                       0x080001c7   Thumb Code     0  startup_stm32f40_41xxx.o(.text)
    I2C3_EV_IRQHandler                       0x080001c7   Thumb Code     0  startup_stm32f40_41xxx.o(.text)
    OTG_FS_IRQHandler                        0x080001c7   Thumb Code     0  startup_stm32f40_41xxx.o(.text)
    OTG_FS_WKUP_IRQHandler                   0x080001c7   Thumb Code     0  startup_stm32f40_41xxx.o(.text)
    OTG_HS_EP1_IN_IRQHandler                 0x080001c7   Thumb Code     0  startup_stm32f40_41xxx.o(.text)
    OTG_HS_EP1_OUT_IRQHandler                0x080001c7   Thumb Code     0  startup_stm32f40_41xxx.o(.text)
    OTG_HS_IRQHandler                        0x080001c7   Thumb Code     0  startup_stm32f40_41xxx.o(.text)
    OTG_HS_WKUP_IRQHandler                   0x080001c7   Thumb Code     0  startup_stm32f40_41xxx.o(.text)
    PVD_IRQHandler                           0x080001c7   Thumb Code     0  startup_stm32f40_41xxx.o(.text)
    RCC_IRQHandler                           0x080001c7   Thumb Code     0  startup_stm32f40_41xxx.o(.text)
    RTC_Alarm_IRQHandler                     0x080001c7   Thumb Code     0  startup_stm32f40_41xxx.o(.text)
    RTC_WKUP_IRQHandler                      0x080001c7   Thumb Code     0  startup_stm32f40_41xxx.o(.text)
    SDIO_IRQHandler                          0x080001c7   Thumb Code     0  startup_stm32f40_41xxx.o(.text)
    SPI1_IRQHandler                          0x080001c7   Thumb Code     0  startup_stm32f40_41xxx.o(.text)
    SPI2_IRQHandler                          0x080001c7   Thumb Code     0  startup_stm32f40_41xxx.o(.text)
    SPI3_IRQHandler                          0x080001c7   Thumb Code     0  startup_stm32f40_41xxx.o(.text)
    TAMP_STAMP_IRQHandler                    0x080001c7   Thumb Code     0  startup_stm32f40_41xxx.o(.text)
    TIM1_BRK_TIM9_IRQHandler                 0x080001c7   Thumb Code     0  startup_stm32f40_41xxx.o(.text)
    TIM1_CC_IRQHandler                       0x080001c7   Thumb Code     0  startup_stm32f40_41xxx.o(.text)
    TIM1_TRG_COM_TIM11_IRQHandler            0x080001c7   Thumb Code     0  startup_stm32f40_41xxx.o(.text)
    TIM1_UP_TIM10_IRQHandler                 0x080001c7   Thumb Code     0  startup_stm32f40_41xxx.o(.text)
    TIM2_IRQHandler                          0x080001c7   Thumb Code     0  startup_stm32f40_41xxx.o(.text)
    TIM3_IRQHandler                          0x080001c7   Thumb Code     0  startup_stm32f40_41xxx.o(.text)
    TIM4_IRQHandler                          0x080001c7   Thumb Code     0  startup_stm32f40_41xxx.o(.text)
    TIM5_IRQHandler                          0x080001c7   Thumb Code     0  startup_stm32f40_41xxx.o(.text)
    TIM6_DAC_IRQHandler                      0x080001c7   Thumb Code     0  startup_stm32f40_41xxx.o(.text)
    TIM7_IRQHandler                          0x080001c7   Thumb Code     0  startup_stm32f40_41xxx.o(.text)
    TIM8_BRK_TIM12_IRQHandler                0x080001c7   Thumb Code     0  startup_stm32f40_41xxx.o(.text)
    TIM8_CC_IRQHandler                       0x080001c7   Thumb Code     0  startup_stm32f40_41xxx.o(.text)
    TIM8_TRG_COM_TIM14_IRQHandler            0x080001c7   Thumb Code     0  startup_stm32f40_41xxx.o(.text)
    TIM8_UP_TIM13_IRQHandler                 0x080001c7   Thumb Code     0  startup_stm32f40_41xxx.o(.text)
    UART4_IRQHandler                         0x080001c7   Thumb Code     0  startup_stm32f40_41xxx.o(.text)
    UART5_IRQHandler                         0x080001c7   Thumb Code     0  startup_stm32f40_41xxx.o(.text)
    USART2_IRQHandler                        0x080001c7   Thumb Code     0  startup_stm32f40_41xxx.o(.text)
    USART3_IRQHandler                        0x080001c7   Thumb Code     0  startup_stm32f40_41xxx.o(.text)
    USART6_IRQHandler                        0x080001c7   Thumb Code     0  startup_stm32f40_41xxx.o(.text)
    WWDG_IRQHandler                          0x080001c7   Thumb Code     0  startup_stm32f40_41xxx.o(.text)
    __aeabi_memcpy                           0x080001d1   Thumb Code    36  memcpya.o(.text)
    __aeabi_memcpy4                          0x080001d1   Thumb Code     0  memcpya.o(.text)
    __aeabi_memcpy8                          0x080001d1   Thumb Code     0  memcpya.o(.text)
    __aeabi_uldivmod                         0x080001f5   Thumb Code    98  uldiv.o(.text)
    __scatterload                            0x08000259   Thumb Code    28  init.o(.text)
    __scatterload_rt2                        0x08000259   Thumb Code     0  init.o(.text)
    __aeabi_llsl                             0x0800027d   Thumb Code    30  llshl.o(.text)
    _ll_shift_l                              0x0800027d   Thumb Code     0  llshl.o(.text)
    __aeabi_llsr                             0x0800029b   Thumb Code    32  llushr.o(.text)
    _ll_ushift_r                             0x0800029b   Thumb Code     0  llushr.o(.text)
    BusFault_Handler                         0x080002bb   Thumb Code     4  stm32f4xx_it.o(i.BusFault_Handler)
    DebugMon_Handler                         0x080002bf   Thumb Code     2  stm32f4xx_it.o(i.DebugMon_Handler)
    FLASH_EraseSector                        0x080002c1   Thumb Code   130  stm32f4xx_flash.o(i.FLASH_EraseSector)
    FLASH_GetStatus                          0x08000349   Thumb Code    80  stm32f4xx_flash.o(i.FLASH_GetStatus)
    FLASH_Lock                               0x0800039d   Thumb Code    14  stm32f4xx_flash.o(i.FLASH_Lock)
    FLASH_Unlock                             0x080003b1   Thumb Code    24  stm32f4xx_flash.o(i.FLASH_Unlock)
    FLASH_WaitForLastOperation               0x080003d5   Thumb Code    34  stm32f4xx_flash.o(i.FLASH_WaitForLastOperation)
    GPIO_Init                                0x080003f7   Thumb Code   144  stm32f4xx_gpio.o(i.GPIO_Init)
    GPIO_PinAFConfig                         0x08000487   Thumb Code    70  stm32f4xx_gpio.o(i.GPIO_PinAFConfig)
    GPIO_StructInit                          0x080004cd   Thumb Code    18  stm32f4xx_gpio.o(i.GPIO_StructInit)
    HardFault_Handler                        0x080004df   Thumb Code     4  stm32f4xx_it.o(i.HardFault_Handler)
    MemManage_Handler                        0x080004e3   Thumb Code     4  stm32f4xx_it.o(i.MemManage_Handler)
    NMI_Handler                              0x080004e7   Thumb Code     2  stm32f4xx_it.o(i.NMI_Handler)
    NVIC_Init                                0x080004e9   Thumb Code   106  misc.o(i.NVIC_Init)
    NVIC_PriorityGroupConfig                 0x08000561   Thumb Code    10  misc.o(i.NVIC_PriorityGroupConfig)
    PendSV_Handler                           0x08000575   Thumb Code     2  stm32f4xx_it.o(i.PendSV_Handler)
    RCC_AHB1PeriphClockCmd                   0x08000579   Thumb Code    26  stm32f4xx_rcc.o(i.RCC_AHB1PeriphClockCmd)
    RCC_APB1PeriphClockCmd                   0x08000599   Thumb Code    26  stm32f4xx_rcc.o(i.RCC_APB1PeriphClockCmd)
    RCC_APB1PeriphResetCmd                   0x080005b9   Thumb Code    26  stm32f4xx_rcc.o(i.RCC_APB1PeriphResetCmd)
    RCC_APB2PeriphClockCmd                   0x080005d9   Thumb Code    26  stm32f4xx_rcc.o(i.RCC_APB2PeriphClockCmd)
    RCC_APB2PeriphResetCmd                   0x080005f9   Thumb Code    26  stm32f4xx_rcc.o(i.RCC_APB2PeriphResetCmd)
    RCC_GetClocksFreq                        0x08000619   Thumb Code   214  stm32f4xx_rcc.o(i.RCC_GetClocksFreq)
    SVC_Handler                              0x08000701   Thumb Code     2  stm32f4xx_it.o(i.SVC_Handler)
    SysTick_Handler                          0x080007f1   Thumb Code     2  stm32f4xx_it.o(i.SysTick_Handler)
    SystemInit                               0x080007f5   Thumb Code    88  system_stm32f4xx.o(i.SystemInit)
    USART1_IRQHandler                        0x0800085d   Thumb Code    50  bl_uart.o(i.USART1_IRQHandler)
    USART_ClearITPendingBit                  0x08000899   Thumb Code    30  stm32f4xx_usart.o(i.USART_ClearITPendingBit)
    USART_Cmd                                0x080008b7   Thumb Code    24  stm32f4xx_usart.o(i.USART_Cmd)
    USART_DeInit                             0x080008d1   Thumb Code   206  stm32f4xx_usart.o(i.USART_DeInit)
    USART_GetFlagStatus                      0x080009c1   Thumb Code    26  stm32f4xx_usart.o(i.USART_GetFlagStatus)
    USART_GetITStatus                        0x080009db   Thumb Code    84  stm32f4xx_usart.o(i.USART_GetITStatus)
    USART_ITConfig                           0x08000a2f   Thumb Code    74  stm32f4xx_usart.o(i.USART_ITConfig)
    USART_Init                               0x08000a79   Thumb Code   204  stm32f4xx_usart.o(i.USART_Init)
    USART_ReceiveData                        0x08000b4d   Thumb Code    10  stm32f4xx_usart.o(i.USART_ReceiveData)
    USART_SendData                           0x08000b57   Thumb Code     8  stm32f4xx_usart.o(i.USART_SendData)
    USART_StructInit                         0x08000b5f   Thumb Code    24  stm32f4xx_usart.o(i.USART_StructInit)
    UsageFault_Handler                       0x08000b77   Thumb Code     4  stm32f4xx_it.o(i.UsageFault_Handler)
    __0printf$8                              0x08000b7d   Thumb Code    22  printf8.o(i.__0printf$8)
    __1printf$8                              0x08000b7d   Thumb Code     0  printf8.o(i.__0printf$8)
    __2printf                                0x08000b7d   Thumb Code     0  printf8.o(i.__0printf$8)
    __scatterload_copy                       0x08000b9d   Thumb Code    14  handlers.o(i.__scatterload_copy)
    __scatterload_null                       0x08000bab   Thumb Code     2  handlers.o(i.__scatterload_null)
    __scatterload_zeroinit                   0x08000bad   Thumb Code    14  handlers.o(i.__scatterload_zeroinit)
    bl_uart_init                             0x080014f5   Thumb Code    16  bl_uart.o(i.bl_uart_init)
    bl_uart_recv_callback_register           0x08001505   Thumb Code     6  bl_uart.o(i.bl_uart_recv_callback_register)
    bl_uart_send                             0x08001525   Thumb Code    56  bl_uart.o(i.bl_uart_send)
    board_deinit                             0x08001561   Thumb Code     8  board.o(i.board_deinit)
    board_init                               0x08001569   Thumb Code     8  board.o(i.board_init)
    bootloader_main                          0x080015fd   Thumb Code    96  bootloader.o(i.bootloader_main)
    cpu_tick_deinit                          0x080016a5   Thumb Code    34  cpu_tick.o(i.cpu_tick_deinit)
    crc16                                    0x080016cd   Thumb Code    40  crc16.o(i.crc16)
    flash_erase                              0x080016f9   Thumb Code   120  flash_ops.o(i.flash_erase)
    flash_lock                               0x08001791   Thumb Code     8  flash_ops.o(i.flash_lock)
    flash_unlock                             0x08001799   Thumb Code     8  flash_ops.o(i.flash_unlock)
    fputc                                    0x080017a1   Thumb Code    32  board.o(i.fputc)
    main                                     0x080017e9   Thumb Code    22  main.o(i.main)
    rb_init                                  0x08001811   Thumb Code    32  ringbuffer.o(i.rb_init)
    rb_is_empty                              0x08001831   Thumb Code    18  ringbuffer.o(i.rb_is_empty)
    rb_is_full                               0x08001843   Thumb Code    30  ringbuffer.o(i.rb_is_full)
    rb_read                                  0x08001861   Thumb Code    48  ringbuffer.o(i.rb_read)
    rb_write                                 0x08001891   Thumb Code    46  ringbuffer.o(i.rb_write)
    uart_deinit                              0x080018c1   Thumb Code   130  uart.o(i.uart_deinit)
    uart_gpio_config                         0x08001951   Thumb Code   158  uart.o(i.uart_gpio_config)
    uart_it_config                           0x080019f5   Thumb Code    74  uart.o(i.uart_it_config)
    uart_lowlevel_init                       0x08001a45   Thumb Code    86  uart.o(i.uart_lowlevel_init)
    Region$$Table$$Base                      0x08001d30   Number         0  anon$$obj.o(Region$$Table)
    Region$$Table$$Limit                     0x08001d50   Number         0  anon$$obj.o(Region$$Table)
    bl_uart_recv_callback                    0x2000000c   Data           4  bl_uart.o(.data)
    __stdout                                 0x20000058   Data           4  stdout.o(.data)
    __initial_sp                             0x20001868   Data           0  startup_stm32f40_41xxx.o(STACK)



==============================================================================

Memory Map of the image

  Image Entry point : 0x08000189

  Load Region LR_IROM1 (Base: 0x08000000, Size: 0x00001dac, Max: 0x00080000, ABSOLUTE)

    Execution Region ER_IROM1 (Exec base: 0x08000000, Load base: 0x08000000, Size: 0x00001d50, Max: 0x00080000, ABSOLUTE)

    Exec Addr    Load Addr    Size         Type   Attr      Idx    E Section Name        Object

    0x08000000   0x08000000   0x00000188   Data   RO          952    RESET               startup_stm32f40_41xxx.o
    0x08000188   0x08000188   0x00000000   Code   RO         5962  * .ARM.Collect$$$$00000000  mc_w.l(entry.o)
    0x08000188   0x08000188   0x00000004   Code   RO         6234    .ARM.Collect$$$$00000001  mc_w.l(entry2.o)
    0x0800018c   0x0800018c   0x00000004   Code   RO         6237    .ARM.Collect$$$$00000004  mc_w.l(entry5.o)
    0x08000190   0x08000190   0x00000000   Code   RO         6239    .ARM.Collect$$$$00000008  mc_w.l(entry7b.o)
    0x08000190   0x08000190   0x00000000   Code   RO         6241    .ARM.Collect$$$$0000000A  mc_w.l(entry8b.o)
    0x08000190   0x08000190   0x00000008   Code   RO         6242    .ARM.Collect$$$$0000000B  mc_w.l(entry9a.o)
    0x08000198   0x08000198   0x00000000   Code   RO         6244    .ARM.Collect$$$$0000000D  mc_w.l(entry10a.o)
    0x08000198   0x08000198   0x00000000   Code   RO         6246    .ARM.Collect$$$$0000000F  mc_w.l(entry11a.o)
    0x08000198   0x08000198   0x00000004   Code   RO         6235    .ARM.Collect$$$$00002712  mc_w.l(entry2.o)
    0x0800019c   0x0800019c   0x00000010   Code   RO          304    .text               jump_app.o
    0x080001ac   0x080001ac   0x00000024   Code   RO          953    .text               startup_stm32f40_41xxx.o
    0x080001d0   0x080001d0   0x00000024   Code   RO         5965    .text               mc_w.l(memcpya.o)
    0x080001f4   0x080001f4   0x00000062   Code   RO         6251    .text               mc_w.l(uldiv.o)
    0x08000256   0x08000256   0x00000002   PAD
    0x08000258   0x08000258   0x00000024   Code   RO         6264    .text               mc_w.l(init.o)
    0x0800027c   0x0800027c   0x0000001e   Code   RO         6266    .text               mc_w.l(llshl.o)
    0x0800029a   0x0800029a   0x00000020   Code   RO         6268    .text               mc_w.l(llushr.o)
    0x080002ba   0x080002ba   0x00000004   Code   RO          837    i.BusFault_Handler  stm32f4xx_it.o
    0x080002be   0x080002be   0x00000002   Code   RO          838    i.DebugMon_Handler  stm32f4xx_it.o
    0x080002c0   0x080002c0   0x00000088   Code   RO         2393    i.FLASH_EraseSector  stm32f4xx_flash.o
    0x08000348   0x08000348   0x00000054   Code   RO         2395    i.FLASH_GetStatus   stm32f4xx_flash.o
    0x0800039c   0x0800039c   0x00000014   Code   RO         2399    i.FLASH_Lock        stm32f4xx_flash.o
    0x080003b0   0x080003b0   0x00000024   Code   RO         2425    i.FLASH_Unlock      stm32f4xx_flash.o
    0x080003d4   0x080003d4   0x00000022   Code   RO         2426    i.FLASH_WaitForLastOperation  stm32f4xx_flash.o
    0x080003f6   0x080003f6   0x00000090   Code   RO         2835    i.GPIO_Init         stm32f4xx_gpio.o
    0x08000486   0x08000486   0x00000046   Code   RO         2836    i.GPIO_PinAFConfig  stm32f4xx_gpio.o
    0x080004cc   0x080004cc   0x00000012   Code   RO         2844    i.GPIO_StructInit   stm32f4xx_gpio.o
    0x080004de   0x080004de   0x00000004   Code   RO          839    i.HardFault_Handler  stm32f4xx_it.o
    0x080004e2   0x080004e2   0x00000004   Code   RO          840    i.MemManage_Handler  stm32f4xx_it.o
    0x080004e6   0x080004e6   0x00000002   Code   RO          841    i.NMI_Handler       stm32f4xx_it.o
    0x080004e8   0x080004e8   0x00000078   Code   RO          960    i.NVIC_Init         misc.o
    0x08000560   0x08000560   0x00000014   Code   RO          961    i.NVIC_PriorityGroupConfig  misc.o
    0x08000574   0x08000574   0x00000002   Code   RO          842    i.PendSV_Handler    stm32f4xx_it.o
    0x08000576   0x08000576   0x00000002   PAD
    0x08000578   0x08000578   0x00000020   Code   RO         3761    i.RCC_AHB1PeriphClockCmd  stm32f4xx_rcc.o
    0x08000598   0x08000598   0x00000020   Code   RO         3770    i.RCC_APB1PeriphClockCmd  stm32f4xx_rcc.o
    0x080005b8   0x080005b8   0x00000020   Code   RO         3772    i.RCC_APB1PeriphResetCmd  stm32f4xx_rcc.o
    0x080005d8   0x080005d8   0x00000020   Code   RO         3773    i.RCC_APB2PeriphClockCmd  stm32f4xx_rcc.o
    0x080005f8   0x080005f8   0x00000020   Code   RO         3775    i.RCC_APB2PeriphResetCmd  stm32f4xx_rcc.o
    0x08000618   0x08000618   0x000000e8   Code   RO         3782    i.RCC_GetClocksFreq  stm32f4xx_rcc.o
    0x08000700   0x08000700   0x00000002   Code   RO          843    i.SVC_Handler       stm32f4xx_it.o
    0x08000702   0x08000702   0x00000002   PAD
    0x08000704   0x08000704   0x000000ec   Code   RO          912    i.SetSysClock       system_stm32f4xx.o
    0x080007f0   0x080007f0   0x00000002   Code   RO          844    i.SysTick_Handler   stm32f4xx_it.o
    0x080007f2   0x080007f2   0x00000002   PAD
    0x080007f4   0x080007f4   0x00000068   Code   RO          914    i.SystemInit        system_stm32f4xx.o
    0x0800085c   0x0800085c   0x0000003c   Code   RO          311    i.USART1_IRQHandler  bl_uart.o
    0x08000898   0x08000898   0x0000001e   Code   RO         5708    i.USART_ClearITPendingBit  stm32f4xx_usart.o
    0x080008b6   0x080008b6   0x00000018   Code   RO         5711    i.USART_Cmd         stm32f4xx_usart.o
    0x080008ce   0x080008ce   0x00000002   PAD
    0x080008d0   0x080008d0   0x000000f0   Code   RO         5713    i.USART_DeInit      stm32f4xx_usart.o
    0x080009c0   0x080009c0   0x0000001a   Code   RO         5714    i.USART_GetFlagStatus  stm32f4xx_usart.o
    0x080009da   0x080009da   0x00000054   Code   RO         5715    i.USART_GetITStatus  stm32f4xx_usart.o
    0x08000a2e   0x08000a2e   0x0000004a   Code   RO         5717    i.USART_ITConfig    stm32f4xx_usart.o
    0x08000a78   0x08000a78   0x000000d4   Code   RO         5718    i.USART_Init        stm32f4xx_usart.o
    0x08000b4c   0x08000b4c   0x0000000a   Code   RO         5725    i.USART_ReceiveData  stm32f4xx_usart.o
    0x08000b56   0x08000b56   0x00000008   Code   RO         5728    i.USART_SendData    stm32f4xx_usart.o
    0x08000b5e   0x08000b5e   0x00000018   Code   RO         5734    i.USART_StructInit  stm32f4xx_usart.o
    0x08000b76   0x08000b76   0x00000004   Code   RO          845    i.UsageFault_Handler  stm32f4xx_it.o
    0x08000b7a   0x08000b7a   0x00000002   PAD
    0x08000b7c   0x08000b7c   0x00000020   Code   RO         6180    i.__0printf$8       mc_w.l(printf8.o)
    0x08000b9c   0x08000b9c   0x0000000e   Code   RO         6276    i.__scatterload_copy  mc_w.l(handlers.o)
    0x08000baa   0x08000baa   0x00000002   Code   RO         6277    i.__scatterload_null  mc_w.l(handlers.o)
    0x08000bac   0x08000bac   0x0000000e   Code   RO         6278    i.__scatterload_zeroinit  mc_w.l(handlers.o)
    0x08000bba   0x08000bba   0x00000002   PAD
    0x08000bbc   0x08000bbc   0x00000410   Code   RO         6187    i._printf_core      mc_w.l(printf8.o)
    0x08000fcc   0x08000fcc   0x00000024   Code   RO         6188    i._printf_post_padding  mc_w.l(printf8.o)
    0x08000ff0   0x08000ff0   0x0000002e   Code   RO         6189    i._printf_pre_padding  mc_w.l(printf8.o)
    0x0800101e   0x0800101e   0x00000002   PAD
    0x08001020   0x08001020   0x00000024   Code   RO          195    i.bl_op_boot_handle  bootloader.o
    0x08001044   0x08001044   0x00000080   Code   RO          196    i.bl_op_erase_handle  bootloader.o
    0x080010c4   0x080010c4   0x00000068   Code   RO          197    i.bl_op_inquery_handle  bootloader.o
    0x0800112c   0x0800112c   0x00000050   Code   RO          198    i.bl_op_reset_handle  bootloader.o
    0x0800117c   0x0800117c   0x00000002   Code   RO          199    i.bl_op_verify_handle  bootloader.o
    0x0800117e   0x0800117e   0x00000002   Code   RO          200    i.bl_op_write_handle  bootloader.o
    0x08001180   0x08001180   0x0000006c   Code   RO          201    i.bl_packet_handle  bootloader.o
    0x080011ec   0x080011ec   0x00000014   Code   RO          202    i.bl_packet_reset   bootloader.o
    0x08001200   0x08001200   0x0000026c   Code   RO          203    i.bl_recv_handle    bootloader.o
    0x0800146c   0x0800146c   0x00000076   Code   RO          204    i.bl_response       bootloader.o
    0x080014e2   0x080014e2   0x00000012   Code   RO          205    i.bl_response_ack   bootloader.o
    0x080014f4   0x080014f4   0x00000010   Code   RO          312    i.bl_uart_init      bl_uart.o
    0x08001504   0x08001504   0x0000000c   Code   RO          313    i.bl_uart_recv_callback_register  bl_uart.o
    0x08001510   0x08001510   0x00000014   Code   RO          206    i.bl_uart_recv_cb   bootloader.o
    0x08001524   0x08001524   0x0000003c   Code   RO          314    i.bl_uart_send      bl_uart.o
    0x08001560   0x08001560   0x00000008   Code   RO           43    i.board_deinit      board.o
    0x08001568   0x08001568   0x00000008   Code   RO           44    i.board_init        board.o
    0x08001570   0x08001570   0x00000046   Code   RO           45    i.board_lowlevel_deinit  board.o
    0x080015b6   0x080015b6   0x00000044   Code   RO           46    i.board_lowlevel_init  board.o
    0x080015fa   0x080015fa   0x00000002   PAD
    0x080015fc   0x080015fc   0x000000a8   Code   RO          207    i.bootloader_main   bootloader.o
    0x080016a4   0x080016a4   0x00000028   Code   RO          459    i.cpu_tick_deinit   cpu_tick.o
    0x080016cc   0x080016cc   0x0000002c   Code   RO          518    i.crc16             crc16.o
    0x080016f8   0x080016f8   0x00000098   Code   RO          410    i.flash_erase       flash_ops.o
    0x08001790   0x08001790   0x00000008   Code   RO          411    i.flash_lock        flash_ops.o
    0x08001798   0x08001798   0x00000008   Code   RO          412    i.flash_unlock      flash_ops.o
    0x080017a0   0x080017a0   0x00000024   Code   RO           47    i.fputc             board.o
    0x080017c4   0x080017c4   0x00000022   Code   RO          208    i.get_u32_le_inc    bootloader.o
    0x080017e6   0x080017e6   0x00000002   PAD
    0x080017e8   0x080017e8   0x00000028   Code   RO            1    i.main              main.o
    0x08001810   0x08001810   0x00000020   Code   RO          555    i.rb_init           ringbuffer.o
    0x08001830   0x08001830   0x00000012   Code   RO          556    i.rb_is_empty       ringbuffer.o
    0x08001842   0x08001842   0x0000001e   Code   RO          557    i.rb_is_full        ringbuffer.o
    0x08001860   0x08001860   0x00000030   Code   RO          558    i.rb_read           ringbuffer.o
    0x08001890   0x08001890   0x0000002e   Code   RO          559    i.rb_write          ringbuffer.o
    0x080018be   0x080018be   0x00000002   PAD
    0x080018c0   0x080018c0   0x00000090   Code   RO          359    i.uart_deinit       uart.o
    0x08001950   0x08001950   0x000000a4   Code   RO          360    i.uart_gpio_config  uart.o
    0x080019f4   0x080019f4   0x00000050   Code   RO          361    i.uart_it_config    uart.o
    0x08001a44   0x08001a44   0x0000005c   Code   RO          362    i.uart_lowlevel_init  uart.o
    0x08001aa0   0x08001aa0   0x00000090   Data   RO          414    .constdata          flash_ops.o
    0x08001b30   0x08001b30   0x00000200   Data   RO          519    .constdata          crc16.o
    0x08001d30   0x08001d30   0x00000020   Data   RO         6274    Region$$Table       anon$$obj.o


    Execution Region RW_IRAM1 (Exec base: 0x20000000, Load base: 0x08001d50, Size: 0x00001868, Max: 0x00020000, ABSOLUTE)

    Exec Addr    Load Addr    Size         Type   Attr      Idx    E Section Name        Object

    0x20000000   0x08001d50   0x0000000c   Data   RW          210    .data               bootloader.o
    0x2000000c   0x08001d5c   0x00000004   Data   RW          315    .data               bl_uart.o
    0x20000010   0x08001d60   0x00000038   Data   RW          363    .data               uart.o
    0x20000048   0x08001d98   0x00000010   Data   RW         3814    .data               stm32f4xx_rcc.o
    0x20000058   0x08001da8   0x00000004   Data   RW         6248    .data               mc_w.l(stdout.o)
    0x2000005c        -       0x00001406   Zero   RW          209    .bss                bootloader.o
    0x20001462   0x08001dac   0x00000006   PAD
    0x20001468        -       0x00000400   Zero   RW          950    STACK               startup_stm32f40_41xxx.o


==============================================================================

Image component sizes


      Code (inc. data)   RO Data    RW Data    ZI Data      Debug   Object Name

       148         20          0          4          0       3391   bl_uart.o
       190          4          0          0          0     279920   board.o
      1458        382          0         12       5126      36093   bootloader.o
        40          6          0          0          0      26693   cpu_tick.o
        44          4        512          0          0       1244   crc16.o
       168         32        144          0          0       2542   flash_ops.o
        16          4          0          0          0        360   jump_app.o
        40         18          0          0          0       5303   main.o
       140         24          0          0          0       1659   misc.o
       174          0          0          0          0       4042   ringbuffer.o
        36          8        392          0       1024        852   startup_stm32f40_41xxx.o
       310         28          0          0          0       3383   stm32f4xx_flash.o
       232          0          0          0          0       2425   stm32f4xx_gpio.o
        26          0          0          0          0       4306   stm32f4xx_it.o
       392         48          0         16          0       5929   stm32f4xx_rcc.o
       732         42          0          0          0       7465   stm32f4xx_usart.o
       340         32          0          0          0       1709   system_stm32f4xx.o
       480         32          0         56          0      29446   uart.o

    ----------------------------------------------------------------------
      4982        684       1080         88       6156     416762   Object Totals
         0          0         32          0          0          0   (incl. Generated)
        16          0          0          0          6          0   (incl. Padding)

    ----------------------------------------------------------------------

      Code (inc. data)   RO Data    RW Data    ZI Data      Debug   Library Member Name

         0          0          0          0          0          0   entry.o
         0          0          0          0          0          0   entry10a.o
         0          0          0          0          0          0   entry11a.o
         8          4          0          0          0          0   entry2.o
         4          0          0          0          0          0   entry5.o
         0          0          0          0          0          0   entry7b.o
         0          0          0          0          0          0   entry8b.o
         8          4          0          0          0          0   entry9a.o
        30          0          0          0          0          0   handlers.o
        36          8          0          0          0         68   init.o
        30          0          0          0          0         68   llshl.o
        32          0          0          0          0         68   llushr.o
        36          0          0          0          0         68   memcpya.o
      1154         54          0          0          0        352   printf8.o
         0          0          0          4          0          0   stdout.o
        98          0          0          0          0         92   uldiv.o

    ----------------------------------------------------------------------
      1442         70          0          4          0        716   Library Totals
         6          0          0          0          0          0   (incl. Padding)

    ----------------------------------------------------------------------

      Code (inc. data)   RO Data    RW Data    ZI Data      Debug   Library Name

      1436         70          0          4          0        716   mc_w.l

    ----------------------------------------------------------------------
      1442         70          0          4          0        716   Library Totals

    ----------------------------------------------------------------------

==============================================================================


      Code (inc. data)   RO Data    RW Data    ZI Data      Debug   

      6424        754       1080         92       6156     410370   Grand Totals
      6424        754       1080         92       6156     410370   ELF Image Totals
      6424        754       1080         92          0          0   ROM Totals

==============================================================================

    Total RO  Size (Code + RO Data)                 7504 (   7.33kB)
    Total RW  Size (RW Data + ZI Data)              6248 (   6.10kB)
    Total ROM Size (Code + RO Data + RW Data)       7596 (   7.42kB)

==============================================================================

